Component: ARM Compiler 5.05 update 1 (build 106) Tool: armlink [4d0efa]

==============================================================================

Section Cross References

    startup_stm32f427xx.o(RESET) refers to startup_stm32f427xx.o(STACK) for __initial_sp
    startup_stm32f427xx.o(RESET) refers to startup_stm32f427xx.o(.text) for Reset_Handler
    startup_stm32f427xx.o(RESET) refers to stm32f4xx_it.o(i.NMI_Handler) for NMI_Handler
    startup_stm32f427xx.o(RESET) refers to stm32f4xx_it.o(i.HardFault_Handler) for HardFault_Handler
    startup_stm32f427xx.o(RESET) refers to stm32f4xx_it.o(i.MemManage_Handler) for MemManage_Handler
    startup_stm32f427xx.o(RESET) refers to stm32f4xx_it.o(i.BusFault_Handler) for BusFault_Handler
    startup_stm32f427xx.o(RESET) refers to stm32f4xx_it.o(i.UsageFault_Handler) for UsageFault_Handler
    startup_stm32f427xx.o(RESET) refers to port.o(.emb_text) for SVC_Handler
    startup_stm32f427xx.o(RESET) refers to stm32f4xx_it.o(i.DebugMon_Handler) for DebugMon_Handler
    startup_stm32f427xx.o(RESET) refers to freertos_middleware.o(i.SysTick_Handler) for SysTick_Handler
    startup_stm32f427xx.o(RESET) refers to can_receive.o(i.CAN1_RX0_IRQHandler) for CAN1_RX0_IRQHandler
    startup_stm32f427xx.o(RESET) refers to freertos_middleware.o(i.TIM3_IRQHandler) for TIM3_IRQHandler
    startup_stm32f427xx.o(RESET) refers to remote_control.o(i.USART1_IRQHandler) for USART1_IRQHandler
    startup_stm32f427xx.o(RESET) refers to can_receive.o(i.CAN2_RX1_IRQHandler) for CAN2_RX1_IRQHandler
    startup_stm32f427xx.o(.text) refers to system_stm32f4xx.o(i.SystemInit) for SystemInit
    startup_stm32f427xx.o(.text) refers to entry.o(.ARM.Collect$$$$00000000) for __main
    system_stm32f4xx.o(i.SystemCoreClockUpdate) refers to system_stm32f4xx.o(.data) for SystemCoreClock
    system_stm32f4xx.o(i.SystemInit) refers to system_stm32f4xx.o(i.SetSysClock) for SetSysClock
    stm32f4xx_adc.o(i.ADC_DeInit) refers to stm32f4xx_rcc.o(i.RCC_APB2PeriphResetCmd) for RCC_APB2PeriphResetCmd
    stm32f4xx_can.o(i.CAN_DeInit) refers to stm32f4xx_rcc.o(i.RCC_APB1PeriphResetCmd) for RCC_APB1PeriphResetCmd
    stm32f4xx_can.o(i.CAN_GetITStatus) refers to stm32f4xx_can.o(i.CheckITStatus) for CheckITStatus
    stm32f4xx_cryp.o(i.CRYP_DeInit) refers to stm32f4xx_rcc.o(i.RCC_AHB2PeriphResetCmd) for RCC_AHB2PeriphResetCmd
    stm32f4xx_cryp_aes.o(i.CRYP_AES_CBC) refers to stm32f4xx_cryp.o(i.CRYP_KeyStructInit) for CRYP_KeyStructInit
    stm32f4xx_cryp_aes.o(i.CRYP_AES_CBC) refers to stm32f4xx_cryp.o(i.CRYP_FIFOFlush) for CRYP_FIFOFlush
    stm32f4xx_cryp_aes.o(i.CRYP_AES_CBC) refers to stm32f4xx_cryp.o(i.CRYP_Init) for CRYP_Init
    stm32f4xx_cryp_aes.o(i.CRYP_AES_CBC) refers to stm32f4xx_cryp.o(i.CRYP_KeyInit) for CRYP_KeyInit
    stm32f4xx_cryp_aes.o(i.CRYP_AES_CBC) refers to stm32f4xx_cryp.o(i.CRYP_Cmd) for CRYP_Cmd
    stm32f4xx_cryp_aes.o(i.CRYP_AES_CBC) refers to stm32f4xx_cryp.o(i.CRYP_GetFlagStatus) for CRYP_GetFlagStatus
    stm32f4xx_cryp_aes.o(i.CRYP_AES_CBC) refers to stm32f4xx_cryp.o(i.CRYP_IVInit) for CRYP_IVInit
    stm32f4xx_cryp_aes.o(i.CRYP_AES_CBC) refers to stm32f4xx_cryp.o(i.CRYP_GetCmdStatus) for CRYP_GetCmdStatus
    stm32f4xx_cryp_aes.o(i.CRYP_AES_CBC) refers to stm32f4xx_cryp.o(i.CRYP_DataIn) for CRYP_DataIn
    stm32f4xx_cryp_aes.o(i.CRYP_AES_CBC) refers to stm32f4xx_cryp.o(i.CRYP_DataOut) for CRYP_DataOut
    stm32f4xx_cryp_aes.o(i.CRYP_AES_CCM) refers to stm32f4xx_cryp.o(i.CRYP_KeyStructInit) for CRYP_KeyStructInit
    stm32f4xx_cryp_aes.o(i.CRYP_AES_CCM) refers to stm32f4xx_cryp.o(i.CRYP_FIFOFlush) for CRYP_FIFOFlush
    stm32f4xx_cryp_aes.o(i.CRYP_AES_CCM) refers to stm32f4xx_cryp.o(i.CRYP_KeyInit) for CRYP_KeyInit
    stm32f4xx_cryp_aes.o(i.CRYP_AES_CCM) refers to stm32f4xx_cryp.o(i.CRYP_IVInit) for CRYP_IVInit
    stm32f4xx_cryp_aes.o(i.CRYP_AES_CCM) refers to stm32f4xx_cryp.o(i.CRYP_Init) for CRYP_Init
    stm32f4xx_cryp_aes.o(i.CRYP_AES_CCM) refers to stm32f4xx_cryp.o(i.CRYP_PhaseConfig) for CRYP_PhaseConfig
    stm32f4xx_cryp_aes.o(i.CRYP_AES_CCM) refers to stm32f4xx_cryp.o(i.CRYP_DataIn) for CRYP_DataIn
    stm32f4xx_cryp_aes.o(i.CRYP_AES_CCM) refers to stm32f4xx_cryp.o(i.CRYP_Cmd) for CRYP_Cmd
    stm32f4xx_cryp_aes.o(i.CRYP_AES_CCM) refers to stm32f4xx_cryp.o(i.CRYP_GetCmdStatus) for CRYP_GetCmdStatus
    stm32f4xx_cryp_aes.o(i.CRYP_AES_CCM) refers to stm32f4xx_cryp.o(i.CRYP_GetFlagStatus) for CRYP_GetFlagStatus
    stm32f4xx_cryp_aes.o(i.CRYP_AES_CCM) refers to stm32f4xx_cryp.o(i.CRYP_DataOut) for CRYP_DataOut
    stm32f4xx_cryp_aes.o(i.CRYP_AES_CTR) refers to stm32f4xx_cryp.o(i.CRYP_KeyStructInit) for CRYP_KeyStructInit
    stm32f4xx_cryp_aes.o(i.CRYP_AES_CTR) refers to stm32f4xx_cryp.o(i.CRYP_KeyInit) for CRYP_KeyInit
    stm32f4xx_cryp_aes.o(i.CRYP_AES_CTR) refers to stm32f4xx_cryp.o(i.CRYP_Init) for CRYP_Init
    stm32f4xx_cryp_aes.o(i.CRYP_AES_CTR) refers to stm32f4xx_cryp.o(i.CRYP_IVInit) for CRYP_IVInit
[...]
    i.gpio_up_init                           0x08003c94   Section        0  relay.o(i.gpio_up_init)
    i.keyboard_flag_scan                     0x08003cd0   Section        0  keyboard_control.o(i.keyboard_flag_scan)
    i.led_configuration                      0x08004164   Section        0  led.o(i.led_configuration)
    i.led_green_off                          0x080041cc   Section        0  led.o(i.led_green_off)
    i.led_green_on                           0x080041e0   Section        0  led.o(i.led_green_on)
    i.led_red_off                            0x080041f4   Section        0  led.o(i.led_red_off)
    i.main                                   0x08004208   Section        0  main.o(i.main)
    i.power_ctrl_configuration               0x08004220   Section        0  power_ctrl.o(i.power_ctrl_configuration)
    i.power_ctrl_off                         0x08004268   Section        0  power_ctrl.o(i.power_ctrl_off)
    i.power_ctrl_on                          0x08004288   Section        0  power_ctrl.o(i.power_ctrl_on)
    i.prvAddCurrentTaskToDelayedList         0x080042a8   Section        0  tasks.o(i.prvAddCurrentTaskToDelayedList)
    prvAddCurrentTaskToDelayedList           0x080042a9   Thumb Code   124  tasks.o(i.prvAddCurrentTaskToDelayedList)
    i.prvAddNewTaskToReadyList               0x08004340   Section        0  tasks.o(i.prvAddNewTaskToReadyList)
    prvAddNewTaskToReadyList                 0x08004341   Thumb Code   156  tasks.o(i.prvAddNewTaskToReadyList)
    i.prvCheckForValidListAndQueue           0x080043f8   Section        0  timers.o(i.prvCheckForValidListAndQueue)
    prvCheckForValidListAndQueue             0x080043f9   Thumb Code    72  timers.o(i.prvCheckForValidListAndQueue)
    i.prvCheckTasksWaitingTermination        0x0800445c   Section        0  tasks.o(i.prvCheckTasksWaitingTermination)
    prvCheckTasksWaitingTermination          0x0800445d   Thumb Code    86  tasks.o(i.prvCheckTasksWaitingTermination)
    i.prvCopyDataFromQueue                   0x080044c0   Section        0  queue.o(i.prvCopyDataFromQueue)
    prvCopyDataFromQueue                     0x080044c1   Thumb Code    42  queue.o(i.prvCopyDataFromQueue)
    i.prvCopyDataToQueue                     0x080044ea   Section        0  queue.o(i.prvCopyDataToQueue)
    prvCopyDataToQueue                       0x080044eb   Thumb Code   124  queue.o(i.prvCopyDataToQueue)
    i.prvDeleteTCB                           0x08004566   Section        0  tasks.o(i.prvDeleteTCB)
    prvDeleteTCB                             0x08004567   Thumb Code    18  tasks.o(i.prvDeleteTCB)
    i.prvGetNextExpireTime                   0x08004578   Section        0  timers.o(i.prvGetNextExpireTime)
    prvGetNextExpireTime                     0x08004579   Thumb Code    36  timers.o(i.prvGetNextExpireTime)
    i.prvHeapInit                            0x080045a0   Section        0  heap_4.o(i.prvHeapInit)
    prvHeapInit                              0x080045a1   Thumb Code    98  heap_4.o(i.prvHeapInit)
    i.prvIdleTask                            0x0800461c   Section        0  tasks.o(i.prvIdleTask)
    prvIdleTask                              0x0800461d   Thumb Code    32  tasks.o(i.prvIdleTask)
    i.prvInitialiseNewQueue                  0x08004644   Section        0  queue.o(i.prvInitialiseNewQueue)
    prvInitialiseNewQueue                    0x08004645   Thumb Code    46  queue.o(i.prvInitialiseNewQueue)
    i.prvInitialiseNewTask                   0x08004672   Section        0  tasks.o(i.prvInitialiseNewTask)
    prvInitialiseNewTask                     0x08004673   Thumb Code   180  tasks.o(i.prvInitialiseNewTask)
    i.prvInitialiseTaskLists                 0x08004728   Section        0  tasks.o(i.prvInitialiseTaskLists)
    prvInitialiseTaskLists                   0x08004729   Thumb Code    70  tasks.o(i.prvInitialiseTaskLists)
    i.prvInsertBlockIntoFreeList             0x08004790   Section        0  heap_4.o(i.prvInsertBlockIntoFreeList)
    prvInsertBlockIntoFreeList               0x08004791   Thumb Code    96  heap_4.o(i.prvInsertBlockIntoFreeList)
    i.prvInsertTimerInActiveList             0x080047f8   Section        0  timers.o(i.prvInsertTimerInActiveList)
    prvInsertTimerInActiveList               0x080047f9   Thumb Code    80  timers.o(i.prvInsertTimerInActiveList)
    i.prvIsQueueEmpty                        0x08004850   Section        0  queue.o(i.prvIsQueueEmpty)
    prvIsQueueEmpty                          0x08004851   Thumb Code    26  queue.o(i.prvIsQueueEmpty)
    i.prvIsQueueFull                         0x0800486a   Section        0  queue.o(i.prvIsQueueFull)
    prvIsQueueFull                           0x0800486b   Thumb Code    30  queue.o(i.prvIsQueueFull)
    i.prvNotifyQueueSetContainer             0x08004888   Section        0  queue.o(i.prvNotifyQueueSetContainer)
    prvNotifyQueueSetContainer               0x08004889   Thumb Code   144  queue.o(i.prvNotifyQueueSetContainer)
    i.prvProcessExpiredTimer                 0x08004918   Section        0  timers.o(i.prvProcessExpiredTimer)
    prvProcessExpiredTimer                   0x08004919   Thumb Code    94  timers.o(i.prvProcessExpiredTimer)
    i.prvProcessReceivedCommands             0x0800497c   Section        0  timers.o(i.prvProcessReceivedCommands)
    prvProcessReceivedCommands               0x0800497d   Thumb Code   242  timers.o(i.prvProcessReceivedCommands)
    i.prvProcessTimerOrBlockTask             0x08004a74   Section        0  timers.o(i.prvProcessTimerOrBlockTask)
    prvProcessTimerOrBlockTask               0x08004a75   Thumb Code   102  timers.o(i.prvProcessTimerOrBlockTask)
    i.prvResetNextTaskUnblockTime            0x08004ae8   Section        0  tasks.o(i.prvResetNextTaskUnblockTime)
    prvResetNextTaskUnblockTime              0x08004ae9   Thumb Code    42  tasks.o(i.prvResetNextTaskUnblockTime)
    i.prvSampleTimeNow                       0x08004b1c   Section        0  timers.o(i.prvSampleTimeNow)
    prvSampleTimeNow                         0x08004b1d   Thumb Code    40  timers.o(i.prvSampleTimeNow)
    i.prvSwitchTimerLists                    0x08004b48   Section        0  timers.o(i.prvSwitchTimerLists)
    prvSwitchTimerLists                      0x08004b49   Thumb Code   150  timers.o(i.prvSwitchTimerLists)
    i.prvTaskCheckFreeStackSpace             0x08004be8   Section        0  tasks.o(i.prvTaskCheckFreeStackSpace)
    prvTaskCheckFreeStackSpace               0x08004be9   Thumb Code    22  tasks.o(i.prvTaskCheckFreeStackSpace)
    i.prvTaskExitError                       0x08004c00   Section        0  port.o(i.prvTaskExitError)
    prvTaskExitError                         0x08004c01   Thumb Code    60  port.o(i.prvTaskExitError)
    i.prvTimerTask                           0x08004c40   Section        0  timers.o(i.prvTimerTask)
    prvTimerTask                             0x08004c41   Thumb Code    26  timers.o(i.prvTimerTask)
    i.prvUnlockQueue                         0x08004c5a   Section        0  queue.o(i.prvUnlockQueue)
    prvUnlockQueue                           0x08004c5b   Thumb Code   146  queue.o(i.prvUnlockQueue)
    i.pvPortMalloc                           0x08004cec   Section        0  heap_4.o(i.pvPortMalloc)
    i.pvTaskIncrementMutexHeldCount          0x08004e28   Section        0  tasks.o(i.pvTaskIncrementMutexHeldCount)
    i.pxPortInitialiseStack                  0x08004e48   Section        0  port.o(i.pxPortInitialiseStack)
    i.remote_control_init                    0x08004e74   Section        0  remote_control.o(i.remote_control_init)
    i.startTast                              0x08004e88   Section        0  start_task.o(i.startTast)
    i.start_task                             0x08004eb4   Section        0  start_task.o(i.start_task)
    i.uxListRemove                           0x08004f9c   Section        0  list.o(i.uxListRemove)
    i.uxTaskGetStackHighWaterMark            0x08004fc4   Section        0  tasks.o(i.uxTaskGetStackHighWaterMark)
    i.vListInitialise                        0x08004fec   Section        0  list.o(i.vListInitialise)
    i.vListInitialiseItem                    0x08005006   Section        0  list.o(i.vListInitialiseItem)
    i.vListInsert                            0x0800500c   Section        0  list.o(i.vListInsert)
    i.vListInsertEnd                         0x08005040   Section        0  list.o(i.vListInsertEnd)
    i.vPortEnterCritical                     0x08005058   Section        0  port.o(i.vPortEnterCritical)
    i.vPortExitCritical                      0x080050ac   Section        0  port.o(i.vPortExitCritical)
    i.vPortFree                              0x080050e8   Section        0  heap_4.o(i.vPortFree)
    i.vPortSetupTimerInterrupt               0x0800517c   Section        0  freertos_middleware.o(i.vPortSetupTimerInterrupt)
    i.vPortValidateInterruptPriority         0x08005180   Section        0  port.o(i.vPortValidateInterruptPriority)
    i.vQueueAddToRegistry                    0x080051f8   Section        0  queue.o(i.vQueueAddToRegistry)
    i.vQueueWaitForMessageRestricted         0x08005224   Section        0  queue.o(i.vQueueWaitForMessageRestricted)
    i.vTaskDelay                             0x08005270   Section        0  tasks.o(i.vTaskDelay)
    i.vTaskDelete                            0x080052cc   Section        0  tasks.o(i.vTaskDelete)
    i.vTaskMissedYield                       0x080053c0   Section        0  tasks.o(i.vTaskMissedYield)
    i.vTaskPlaceOnEventList                  0x080053cc   Section        0  tasks.o(i.vTaskPlaceOnEventList)
    i.vTaskPlaceOnEventListRestricted        0x08005404   Section        0  tasks.o(i.vTaskPlaceOnEventListRestricted)
    i.vTaskPriorityInherit                   0x08005444   Section        0  tasks.o(i.vTaskPriorityInherit)
    i.vTaskSetTimeOutState                   0x080054f4   Section        0  tasks.o(i.vTaskSetTimeOutState)
    i.vTaskStartScheduler                    0x08005524   Section        0  tasks.o(i.vTaskStartScheduler)
    i.vTaskSuspendAll                        0x080055b8   Section        0  tasks.o(i.vTaskSuspendAll)
    i.vTaskSwitchContext                     0x080055c8   Section        0  tasks.o(i.vTaskSwitchContext)
    i.xPortStartScheduler                    0x08005654   Section        0  port.o(i.xPortStartScheduler)
    i.xPortSysTickHandler                    0x08005790   Section        0  port.o(i.xPortSysTickHandler)
    i.xQueueGenericCreate                    0x080057c4   Section        0  queue.o(i.xQueueGenericCreate)
    i.xQueueGenericReceive                   0x0800581c   Section        0  queue.o(i.xQueueGenericReceive)
    i.xQueueGenericReset                     0x080059e0   Section        0  queue.o(i.xQueueGenericReset)
    i.xQueueGenericSend                      0x08005a78   Section        0  queue.o(i.xQueueGenericSend)
    i.xQueueGenericSendFromISR               0x08005c40   Section        0  queue.o(i.xQueueGenericSendFromISR)
    i.xTaskCheckForTimeOut                   0x08005d48   Section        0  tasks.o(i.xTaskCheckForTimeOut)
    i.xTaskCreate                            0x08005dd4   Section        0  tasks.o(i.xTaskCreate)
    i.xTaskGetSchedulerState                 0x08005e34   Section        0  tasks.o(i.xTaskGetSchedulerState)
    i.xTaskGetTickCount                      0x08005e54   Section        0  tasks.o(i.xTaskGetTickCount)
    i.xTaskIncrementTick                     0x08005e60   Section        0  tasks.o(i.xTaskIncrementTick)
    i.xTaskPriorityDisinherit                0x08005fa8   Section        0  tasks.o(i.xTaskPriorityDisinherit)
    i.xTaskRemoveFromEventList               0x08006070   Section        0  tasks.o(i.xTaskRemoveFromEventList)
    i.xTaskResumeAll                         0x08006108   Section        0  tasks.o(i.xTaskResumeAll)
    i.xTimerCreateTimerTask                  0x0800620c   Section        0  timers.o(i.xTimerCreateTimerTask)
    i.xTimerGenericCommand                   0x08006260   Section        0  timers.o(i.xTimerGenericCommand)
    .constdata                               0x080062e4   Section       48  arm_behavior.o(.constdata)
    PID_ARM_SPEED                            0x080062e4   Data          12  arm_behavior.o(.constdata)
    PID_ARM_ANGLE                            0x080062f0   Data          12  arm_behavior.o(.constdata)
    PID_TABLE_SPEED                          0x080062fc   Data          12  arm_behavior.o(.constdata)
    PID_TABLE_ANGLE                          0x08006308   Data          12  arm_behavior.o(.constdata)
    .constdata                               0x08006314   Section       24  carry_task.o(.constdata)
    PID_CARRY_SPEED                          0x08006314   Data          12  carry_task.o(.constdata)
    PID_CARRY_ANGLE                          0x08006320   Data          12  carry_task.o(.constdata)
    .constdata                               0x0800632c   Section       20  chassis_behaviour.o(.constdata)
    chassis_x_order_filter                   0x0800632c   Data           4  chassis_behaviour.o(.constdata)
    chassis_y_order_filter                   0x08006330   Data           4  chassis_behaviour.o(.constdata)
    PID_WHEEL_SPEED                          0x08006334   Data          12  chassis_behaviour.o(.constdata)
    .data                                    0x20000000   Section       20  system_stm32f4xx.o(.data)
    .data                                    0x20000014   Section       16  stm32f4xx_rcc.o(.data)
    APBAHBPrescTable                         0x20000014   Data          16  stm32f4xx_rcc.o(.data)
    .data                                    0x20000024   Section       60  tasks.o(.data)
    pxDelayedTaskList                        0x20000028   Data           4  tasks.o(.data)
    pxOverflowDelayedTaskList                0x2000002c   Data           4  tasks.o(.data)
    uxDeletedTasksWaitingCleanUp             0x20000030   Data           4  tasks.o(.data)
    uxCurrentNumberOfTasks                   0x20000034   Data           4  tasks.o(.data)
    xTickCount                               0x20000038   Data           4  tasks.o(.data)
    uxTopReadyPriority                       0x2000003c   Data           4  tasks.o(.data)
    xSchedulerRunning                        0x20000040   Data           4  tasks.o(.data)
    uxPendedTicks                            0x20000044   Data           4  tasks.o(.data)
    xYieldPending                            0x20000048   Data           4  tasks.o(.data)
    xNumOfOverflows                          0x2000004c   Data           4  tasks.o(.data)
    uxTaskNumber                             0x20000050   Data           4  tasks.o(.data)
    xNextTaskUnblockTime                     0x20000054   Data           4  tasks.o(.data)
    xIdleTaskHandle                          0x20000058   Data           4  tasks.o(.data)
    uxSchedulerSuspended                     0x2000005c   Data           4  tasks.o(.data)
    .data                                    0x20000060   Section       20  timers.o(.data)
    pxCurrentTimerList                       0x20000060   Data           4  timers.o(.data)
    pxOverflowTimerList                      0x20000064   Data           4  timers.o(.data)
    xTimerQueue                              0x20000068   Data           4  timers.o(.data)
    xTimerTaskHandle                         0x2000006c   Data           4  timers.o(.data)
    xLastTime                                0x20000070   Data           4  timers.o(.data)
    .data                                    0x20000074   Section       24  heap_4.o(.data)
    xStart                                   0x20000074   Data           8  heap_4.o(.data)
    pxEnd                                    0x2000007c   Data           4  heap_4.o(.data)
    xFreeBytesRemaining                      0x20000080   Data           4  heap_4.o(.data)
    xMinimumEverFreeBytesRemaining           0x20000084   Data           4  heap_4.o(.data)
    xBlockAllocatedBit                       0x20000088   Data           4  heap_4.o(.data)
    .data                                    0x2000008c   Section       12  port.o(.data)
    uxCriticalNesting                        0x2000008c   Data           4  port.o(.data)
    ucMaxSysCallPriority                     0x20000090   Data           1  port.o(.data)
    ulMaxPRIGROUPValue                       0x20000094   Data           4  port.o(.data)
    .data                                    0x20000098   Section        8  delay.o(.data)
    fac_us                                   0x20000098   Data           1  delay.o(.data)
    fac_ms                                   0x2000009c   Data           4  delay.o(.data)
    .data                                    0x200000a0   Section        8  freertos_middleware.o(.data)
    .data                                    0x200000a8   Section       24  start_task.o(.data)
    UserTask_Handler                         0x200000a8   Data           4  start_task.o(.data)
    StartTask_Handler                        0x200000ac   Data           4  start_task.o(.data)
    .data                                    0x200000c0   Section        4  user_task.o(.data)
    .data                                    0x200000c4   Section        2  remote_control.o(.data)
    this_time_rx_len                         0x200000c4   Data           2  remote_control.o(.data)
    .data                                    0x200000c8   Section       36  arm_behavior.o(.data)
    .data                                    0x200000ec   Section        5  arm_task.o(.data)
    .data                                    0x200000f4   Section       44  carry_task.o(.data)
    .data                                    0x20000120   Section        1  can_receive.o(.data)
    i                                        0x20000120   Data           1  can_receive.o(.data)
    .data                                    0x20000124   Section       16  gimbal_task.o(.data)
    .data                                    0x20000134   Section       24  chassis_task.o(.data)
    .data                                    0x2000014c   Section       17  chassis_behaviour.o(.data)
    .bss                                     0x20000160   Section       64  queue.o(.bss)
    .bss                                     0x200001a0   Section      740  tasks.o(.bss)
    pxReadyTasksLists                        0x200001a0   Data         640  tasks.o(.bss)
    xDelayedTaskList1                        0x20000420   Data          20  tasks.o(.bss)
    xDelayedTaskList2                        0x20000434   Data          20  tasks.o(.bss)
    xPendingReadyList                        0x20000448   Data          20  tasks.o(.bss)
    xTasksWaitingTermination                 0x2000045c   Data          20  tasks.o(.bss)
    xSuspendedTaskList                       0x20000470   Data          20  tasks.o(.bss)
    .bss                                     0x20000484   Section       40  timers.o(.bss)
    xActiveTimerList1                        0x20000484   Data          20  timers.o(.bss)
    xActiveTimerList2                        0x20000498   Data          20  timers.o(.bss)
    .bss                                     0x200004ac   Section    131072  heap_4.o(.bss)
    ucHeap                                   0x200004ac   Data       131072  heap_4.o(.bss)
    .bss                                     0x200204ac   Section       94  remote_control.o(.bss)
    SBUS_rx_buf                              0x200204c2   Data          72  remote_control.o(.bss)
    .bss                                     0x2002050c   Section      288  arm_behavior.o(.bss)
    .bss                                     0x2002062c   Section      144  carry_task.o(.bss)
    .bss                                     0x200206bc   Section      403  can_receive.o(.bss)
    .bss                                     0x20020850   Section      336  chassis_behaviour.o(.bss)
    .bss                                     0x200209a0   Section       72  keyboard_control.o(.bss)
    STACK                                    0x200209e8   Section     1024  startup_stm32f427xx.o(STACK)

    Global Symbols

    Symbol Name                              Value     Ov Type        Size  Object(Section)

    BuildAttributes$$THM_ISAv4$E$P$D$K$B$S$7EM$VFPi3$EXTD16$VFPS$VFMA$PE$A:L22UL41UL21$X:L11$S22US41US21$IEEE1$IW$USESV6$~STKCKD$USESV7$~SHL$OTIME$ROPI$IEEEX$EBA8$MICROLIB$REQ8$PRES8$EABIv2 0x00000000   Number         0  anon$$obj.o ABSOLUTE
    __ARM_use_no_argv                        0x00000000   Number         0  main.o ABSOLUTE
    _printf_a                                0x00000000   Number         0  stubs.o ABSOLUTE
    _printf_c                                0x00000000   Number         0  stubs.o ABSOLUTE
    _printf_charcount                        0x00000000   Number         0  stubs.o ABSOLUTE
    _printf_d                                0x00000000   Number         0  stubs.o ABSOLUTE
    _printf_e                                0x00000000   Number         0  stubs.o ABSOLUTE
    _printf_f                                0x00000000   Number         0  stubs.o ABSOLUTE
    _printf_flags                            0x00000000   Number         0  stubs.o ABSOLUTE
    _printf_fp_dec                           0x00000000   Number         0  stubs.o ABSOLUTE
    _printf_fp_hex                           0x00000000   Number         0  stubs.o ABSOLUTE
    _printf_g                                0x00000000   Number         0  stubs.o ABSOLUTE
    _printf_i                                0x00000000   Number         0  stubs.o ABSOLUTE
    _printf_int_dec                          0x00000000   Number         0  stubs.o ABSOLUTE
    _printf_l                                0x00000000   Number         0  stubs.o ABSOLUTE
    _printf_lc                               0x00000000   Number         0  stubs.o ABSOLUTE
    _printf_ll                               0x00000000   Number         0  stubs.o ABSOLUTE
    _printf_lld                              0x00000000   Number         0  stubs.o ABSOLUTE
    _printf_lli                              0x00000000   Number         0  stubs.o ABSOLUTE
    _printf_llo                              0x00000000   Number         0  stubs.o ABSOLUTE
    _printf_llu                              0x00000000   Number         0  stubs.o ABSOLUTE
    _printf_llx                              0x00000000   Number         0  stubs.o ABSOLUTE
    _printf_longlong_dec                     0x00000000   Number         0  stubs.o ABSOLUTE
    _printf_longlong_hex                     0x00000000   Number         0  stubs.o ABSOLUTE
    _printf_longlong_oct                     0x00000000   Number         0  stubs.o ABSOLUTE
    _printf_ls                               0x00000000   Number         0  stubs.o ABSOLUTE
    _printf_mbtowc                           0x00000000   Number         0  stubs.o ABSOLUTE
    _printf_n                                0x00000000   Number         0  stubs.o ABSOLUTE
    _printf_o                                0x00000000   Number         0  stubs.o ABSOLUTE
    _printf_p                                0x00000000   Number         0  stubs.o ABSOLUTE
    _printf_percent                          0x00000000   Number         0  stubs.o ABSOLUTE
    _printf_pre_padding                      0x00000000   Number         0  stubs.o ABSOLUTE
    _printf_return_value                     0x00000000   Number         0  stubs.o ABSOLUTE
    _printf_s                                0x00000000   Number         0  stubs.o ABSOLUTE
    _printf_sizespec                         0x00000000   Number         0  stubs.o ABSOLUTE
    _printf_str                              0x00000000   Number         0  stubs.o ABSOLUTE
    _printf_truncate_signed                  0x00000000   Number         0  stubs.o ABSOLUTE
    _printf_truncate_unsigned                0x00000000   Number         0  stubs.o ABSOLUTE
    _printf_u                                0x00000000   Number         0  stubs.o ABSOLUTE
    _printf_wc                               0x00000000   Number         0  stubs.o ABSOLUTE
    _printf_wctomb                           0x00000000   Number         0  stubs.o ABSOLUTE
    _printf_widthprec                        0x00000000   Number         0  stubs.o ABSOLUTE
    _printf_x                                0x00000000   Number         0  stubs.o ABSOLUTE
    __cpp_initialize__aeabi_                  - Undefined Weak Reference
    __cxa_finalize                            - Undefined Weak Reference
    _clock_init                               - Undefined Weak Reference
    _microlib_exit                            - Undefined Weak Reference
    __Vectors_Size                           0x000001ac   Number         0  startup_stm32f427xx.o ABSOLUTE
    __Vectors                                0x08000000   Data           4  startup_stm32f427xx.o(RESET)
    __Vectors_End                            0x080001ac   Data           0  startup_stm32f427xx.o(RESET)
    __main                                   0x080001ad   Thumb Code     0  entry.o(.ARM.Collect$$$$00000000)
    _main_stk                                0x080001ad   Thumb Code     0  entry2.o(.ARM.Collect$$$$00000001)
    _main_scatterload                        0x080001b1   Thumb Code     0  entry5.o(.ARM.Collect$$$$00000004)
    __main_after_scatterload                 0x080001b5   Thumb Code     0  entry5.o(.ARM.Collect$$$$00000004)
    _main_clock                              0x080001b5   Thumb Code     0  entry7b.o(.ARM.Collect$$$$00000008)
    _main_cpp_init                           0x080001b5   Thumb Code     0  entry8b.o(.ARM.Collect$$$$0000000A)
    _main_init                               0x080001b5   Thumb Code     0  entry9a.o(.ARM.Collect$$$$0000000B)
    __rt_final_cpp                           0x080001bd   Thumb Code     0  entry10a.o(.ARM.Collect$$$$0000000D)
    __rt_final_exit                          0x080001bd   Thumb Code     0  entry11a.o(.ARM.Collect$$$$0000000F)
    SVC_Handler                              0x080001c1   Thumb Code    28  port.o(.emb_text)
    __asm___6_port_c_39a90d8d__prvStartFirstTask 0x080001e1   Thumb Code    28  port.o(.emb_text)
    __asm___6_port_c_39a90d8d__prvEnableVFP  0x08000201   Thumb Code    16  port.o(.emb_text)
    PendSV_Handler                           0x08000215   Thumb Code    88  port.o(.emb_text)
    vPortGetIPSR                             0x08000271   Thumb Code     6  port.o(.emb_text)
    Reset_Handler                            0x08000279   Thumb Code    18  startup_stm32f427xx.o(.text)
    ADC_IRQHandler                           0x0800029d   Thumb Code     0  startup_stm32f427xx.o(.text)
    CAN1_RX1_IRQHandler                      0x0800029d   Thumb Code     0  startup_stm32f427xx.o(.text)
    CAN1_SCE_IRQHandler                      0x0800029d   Thumb Code     0  startup_stm32f427xx.o(.text)
    CAN1_TX_IRQHandler                       0x0800029d   Thumb Code     0  startup_stm32f427xx.o(.text)
    CAN2_RX0_IRQHandler                      0x0800029d   Thumb Code     0  startup_stm32f427xx.o(.text)
    CAN2_SCE_IRQHandler                      0x0800029d   Thumb Code     0  startup_stm32f427xx.o(.text)
    CAN2_TX_IRQHandler                       0x0800029d   Thumb Code     0  startup_stm32f427xx.o(.text)
    DCMI_IRQHandler                          0x0800029d   Thumb Code     0  startup_stm32f427xx.o(.text)
    DMA1_Stream0_IRQHandler                  0x0800029d   Thumb Code     0  startup_stm32f427xx.o(.text)
    DMA1_Stream1_IRQHandler                  0x0800029d   Thumb Code     0  startup_stm32f427xx.o(.text)
    DMA1_Stream2_IRQHandler                  0x0800029d   Thumb Code     0  startup_stm32f427xx.o(.text)
    DMA1_Stream3_IRQHandler                  0x0800029d   Thumb Code     0  startup_stm32f427xx.o(.text)
    DMA1_Stream4_IRQHandler                  0x0800029d   Thumb Code     0  startup_stm32f427xx.o(.text)
    DMA1_Stream5_IRQHandler                  0x0800029d   Thumb Code     0  startup_stm32f427xx.o(.text)
    DMA1_Stream6_IRQHandler                  0x0800029d   Thumb Code     0  startup_stm32f427xx.o(.text)
    DMA1_Stream7_IRQHandler                  0x0800029d   Thumb Code     0  startup_stm32f427xx.o(.text)
    DMA2D_IRQHandler                         0x0800029d   Thumb Code     0  startup_stm32f427xx.o(.text)
    DMA2_Stream0_IRQHandler                  0x0800029d   Thumb Code     0  startup_stm32f427xx.o(.text)
    DMA2_Stream1_IRQHandler                  0x0800029d   Thumb Code     0  startup_stm32f427xx.o(.text)
    DMA2_Stream2_IRQHandler                  0x0800029d   Thumb Code     0  startup_stm32f427xx.o(.text)
    DMA2_Stream3_IRQHandler                  0x0800029d   Thumb Code     0  startup_stm32f427xx.o(.text)
    DMA2_Stream4_IRQHandler                  0x0800029d   Thumb Code     0  startup_stm32f427xx.o(.text)
    DMA2_Stream5_IRQHandler                  0x0800029d   Thumb Code     0  startup_stm32f427xx.o(.text)
    DMA2_Stream6_IRQHandler                  0x0800029d   Thumb Code     0  startup_stm32f427xx.o(.text)
    DMA2_Stream7_IRQHandler                  0x0800029d   Thumb Code     0  startup_stm32f427xx.o(.text)
    ETH_IRQHandler                           0x0800029d   Thumb Code     0  startup_stm32f427xx.o(.text)
    ETH_WKUP_IRQHandler                      0x0800029d   Thumb Code     0  startup_stm32f427xx.o(.text)
    EXTI0_IRQHandler                         0x0800029d   Thumb Code     0  startup_stm32f427xx.o(.text)
    EXTI15_10_IRQHandler                     0x0800029d   Thumb Code     0  startup_stm32f427xx.o(.text)
    EXTI1_IRQHandler                         0x0800029d   Thumb Code     0  startup_stm32f427xx.o(.text)
    EXTI2_IRQHandler                         0x0800029d   Thumb Code     0  startup_stm32f427xx.o(.text)
    EXTI3_IRQHandler                         0x0800029d   Thumb Code     0  startup_stm32f427xx.o(.text)
    EXTI4_IRQHandler                         0x0800029d   Thumb Code     0  startup_stm32f427xx.o(.text)
    EXTI9_5_IRQHandler                       0x0800029d   Thumb Code     0  startup_stm32f427xx.o(.text)
    FLASH_IRQHandler                         0x0800029d   Thumb Code     0  startup_stm32f427xx.o(.text)
    FMC_IRQHandler                           0x0800029d   Thumb Code     0  startup_stm32f427xx.o(.text)
    FPU_IRQHandler                           0x0800029d   Thumb Code     0  startup_stm32f427xx.o(.text)
    HASH_RNG_IRQHandler                      0x0800029d   Thumb Code     0  startup_stm32f427xx.o(.text)
    I2C1_ER_IRQHandler                       0x0800029d   Thumb Code     0  startup_stm32f427xx.o(.text)
    I2C1_EV_IRQHandler                       0x0800029d   Thumb Code     0  startup_stm32f427xx.o(.text)
    I2C2_ER_IRQHandler                       0x0800029d   Thumb Code     0  startup_stm32f427xx.o(.text)
    I2C2_EV_IRQHandler                       0x0800029d   Thumb Code     0  startup_stm32f427xx.o(.text)
    I2C3_ER_IRQHandler                       0x0800029d   Thumb Code     0  startup_stm32f427xx.o(.text)
    I2C3_EV_IRQHandler                       0x0800029d   Thumb Code     0  startup_stm32f427xx.o(.text)
    OTG_FS_IRQHandler                        0x0800029d   Thumb Code     0  startup_stm32f427xx.o(.text)
    OTG_FS_WKUP_IRQHandler                   0x0800029d   Thumb Code     0  startup_stm32f427xx.o(.text)
    OTG_HS_EP1_IN_IRQHandler                 0x0800029d   Thumb Code     0  startup_stm32f427xx.o(.text)
    OTG_HS_EP1_OUT_IRQHandler                0x0800029d   Thumb Code     0  startup_stm32f427xx.o(.text)
    OTG_HS_IRQHandler                        0x0800029d   Thumb Code     0  startup_stm32f427xx.o(.text)
    OTG_HS_WKUP_IRQHandler                   0x0800029d   Thumb Code     0  startup_stm32f427xx.o(.text)
    PVD_IRQHandler                           0x0800029d   Thumb Code     0  startup_stm32f427xx.o(.text)
    RCC_IRQHandler                           0x0800029d   Thumb Code     0  startup_stm32f427xx.o(.text)
    RTC_Alarm_IRQHandler                     0x0800029d   Thumb Code     0  startup_stm32f427xx.o(.text)
    RTC_WKUP_IRQHandler                      0x0800029d   Thumb Code     0  startup_stm32f427xx.o(.text)
    SAI1_IRQHandler                          0x0800029d   Thumb Code     0  startup_stm32f427xx.o(.text)
    SDIO_IRQHandler                          0x0800029d   Thumb Code     0  startup_stm32f427xx.o(.text)
    SPI1_IRQHandler                          0x0800029d   Thumb Code     0  startup_stm32f427xx.o(.text)
    SPI2_IRQHandler                          0x0800029d   Thumb Code     0  startup_stm32f427xx.o(.text)
    SPI3_IRQHandler                          0x0800029d   Thumb Code     0  startup_stm32f427xx.o(.text)
    SPI4_IRQHandler                          0x0800029d   Thumb Code     0  startup_stm32f427xx.o(.text)
    SPI5_IRQHandler                          0x0800029d   Thumb Code     0  startup_stm32f427xx.o(.text)
    SPI6_IRQHandler                          0x0800029d   Thumb Code     0  startup_stm32f427xx.o(.text)
    TAMP_STAMP_IRQHandler                    0x0800029d   Thumb Code     0  startup_stm32f427xx.o(.text)
    TIM1_BRK_TIM9_IRQHandler                 0x0800029d   Thumb Code     0  startup_stm32f427xx.o(.text)
    TIM1_CC_IRQHandler                       0x0800029d   Thumb Code     0  startup_stm32f427xx.o(.text)
    TIM1_TRG_COM_TIM11_IRQHandler            0x0800029d   Thumb Code     0  startup_stm32f427xx.o(.text)
    TIM1_UP_TIM10_IRQHandler                 0x0800029d   Thumb Code     0  startup_stm32f427xx.o(.text)
    TIM2_IRQHandler                          0x0800029d   Thumb Code     0  startup_stm32f427xx.o(.text)
    TIM4_IRQHandler                          0x0800029d   Thumb Code     0  startup_stm32f427xx.o(.text)
    TIM5_IRQHandler                          0x0800029d   Thumb Code     0  startup_stm32f427xx.o(.text)
    TIM6_DAC_IRQHandler                      0x0800029d   Thumb Code     0  startup_stm32f427xx.o(.text)
    TIM7_IRQHandler                          0x0800029d   Thumb Code     0  startup_stm32f427xx.o(.text)
    TIM8_BRK_TIM12_IRQHandler                0x0800029d   Thumb Code     0  startup_stm32f427xx.o(.text)
    TIM8_CC_IRQHandler                       0x0800029d   Thumb Code     0  startup_stm32f427xx.o(.text)
    TIM8_TRG_COM_TIM14_IRQHandler            0x0800029d   Thumb Code     0  startup_stm32f427xx.o(.text)
    TIM8_UP_TIM13_IRQHandler                 0x0800029d   Thumb Code     0  startup_stm32f427xx.o(.text)
    UART4_IRQHandler                         0x0800029d   Thumb Code     0  startup_stm32f427xx.o(.text)
    UART5_IRQHandler                         0x0800029d   Thumb Code     0  startup_stm32f427xx.o(.text)
    UART7_IRQHandler                         0x0800029d   Thumb Code     0  startup_stm32f427xx.o(.text)
    UART8_IRQHandler                         0x0800029d   Thumb Code     0  startup_stm32f427xx.o(.text)
    USART2_IRQHandler                        0x0800029d   Thumb Code     0  startup_stm32f427xx.o(.text)
    USART3_IRQHandler                        0x0800029d   Thumb Code     0  startup_stm32f427xx.o(.text)
    USART6_IRQHandler                        0x0800029d   Thumb Code     0  startup_stm32f427xx.o(.text)
    WWDG_IRQHandler                          0x0800029d   Thumb Code     0  startup_stm32f427xx.o(.text)
    __aeabi_memcpy                           0x080002ad   Thumb Code    36  memcpya.o(.text)
    __aeabi_memcpy4                          0x080002ad   Thumb Code     0  memcpya.o(.text)
    __aeabi_memcpy8                          0x080002ad   Thumb Code     0  memcpya.o(.text)
    __aeabi_memset                           0x080002d1   Thumb Code    14  memseta.o(.text)
    __aeabi_memset4                          0x080002d1   Thumb Code     0  memseta.o(.text)
    __aeabi_memset8                          0x080002d1   Thumb Code     0  memseta.o(.text)
    __aeabi_memclr                           0x080002df   Thumb Code     4  memseta.o(.text)
    __aeabi_memclr4                          0x080002df   Thumb Code     0  memseta.o(.text)
    __aeabi_memclr8                          0x080002df   Thumb Code     0  memseta.o(.text)
    _memset$wrapper                          0x080002e3   Thumb Code    18  memseta.o(.text)
    __scatterload                            0x080002f5   Thumb Code    28  init.o(.text)
    __scatterload_rt2                        0x080002f5   Thumb Code     0  init.o(.text)
    __decompress                             0x08000319   Thumb Code     0  __dczerorl2.o(.text)
    __decompress1                            0x08000319   Thumb Code    86  __dczerorl2.o(.text)
    BSP_init                                 0x0800036f   Thumb Code    64  main.o(i.BSP_init)
    BusFault_Handler                         0x080003af   Thumb Code     4  stm32f4xx_it.o(i.BusFault_Handler)
    CAN1_RX0_IRQHandler                      0x080003b5   Thumb Code    38  can_receive.o(i.CAN1_RX0_IRQHandler)
    CAN1_mode_init                           0x08000a75   Thumb Code   264  can.o(i.CAN1_mode_init)
    CAN2_RX1_IRQHandler                      0x08000b85   Thumb Code    38  can_receive.o(i.CAN2_RX1_IRQHandler)
    CAN2_mode_init                           0x08000e09   Thumb Code   268  can.o(i.CAN2_mode_init)
    CAN_CMD_ARM                              0x08000f1d   Thumb Code    94  can_receive.o(i.CAN_CMD_ARM)
    CAN_CMD_CARRY                            0x08000f81   Thumb Code    94  can_receive.o(i.CAN_CMD_CARRY)
    CAN_CMD_CHASSIS                          0x08000fe5   Thumb Code    94  can_receive.o(i.CAN_CMD_CHASSIS)
    CAN_ClearITPendingBit                    0x08001049   Thumb Code   162  stm32f4xx_can.o(i.CAN_ClearITPendingBit)
    CAN_FilterInit                           0x080010f1   Thumb Code   258  stm32f4xx_can.o(i.CAN_FilterInit)
    CAN_GetITStatus                          0x080011f9   Thumb Code   284  stm32f4xx_can.o(i.CAN_GetITStatus)
    CAN_ITConfig                             0x08001319   Thumb Code    18  stm32f4xx_can.o(i.CAN_ITConfig)
    CAN_Init                                 0x0800132b   Thumb Code   276  stm32f4xx_can.o(i.CAN_Init)
    CAN_Receive                              0x0800143f   Thumb Code   240  stm32f4xx_can.o(i.CAN_Receive)
    CAN_Transmit                             0x0800152f   Thumb Code   294  stm32f4xx_can.o(i.CAN_Transmit)
    DMA_ClearFlag                            0x08001669   Thumb Code    38  stm32f4xx_dma.o(i.DMA_ClearFlag)
    DMA_Cmd                                  0x0800169d   Thumb Code    22  stm32f4xx_dma.o(i.DMA_Cmd)
    DMA_DeInit                               0x080016b5   Thumb Code   324  stm32f4xx_dma.o(i.DMA_DeInit)
    DMA_DoubleBufferModeCmd                  0x0800180d   Thumb Code    22  stm32f4xx_dma.o(i.DMA_DoubleBufferModeCmd)
    DMA_DoubleBufferModeConfig               0x08001823   Thumb Code    24  stm32f4xx_dma.o(i.DMA_DoubleBufferModeConfig)
    DMA_GetCurrDataCounter                   0x0800183b   Thumb Code     8  stm32f4xx_dma.o(i.DMA_GetCurrDataCounter)
    DMA_GetCurrentMemoryTarget               0x08001843   Thumb Code    20  stm32f4xx_dma.o(i.DMA_GetCurrentMemoryTarget)
    DMA_Init                                 0x08001859   Thumb Code    82  stm32f4xx_dma.o(i.DMA_Init)
    DMA_SetCurrDataCounter                   0x080018b1   Thumb Code     4  stm32f4xx_dma.o(i.DMA_SetCurrDataCounter)
    DebugMon_Handler                         0x080018b5   Thumb Code     2  stm32f4xx_it.o(i.DebugMon_Handler)
    GIMBAL_task                              0x080018b9   Thumb Code   210  gimbal_task.o(i.GIMBAL_task)
    GPIO_Init                                0x080019a1   Thumb Code   144  stm32f4xx_gpio.o(i.GPIO_Init)
    GPIO_PinAFConfig                         0x08001a31   Thumb Code    70  stm32f4xx_gpio.o(i.GPIO_PinAFConfig)
    GPIO_ResetBits                           0x08001a77   Thumb Code     4  stm32f4xx_gpio.o(i.GPIO_ResetBits)
    GPIO_SetBits                             0x08001a7b   Thumb Code     4  stm32f4xx_gpio.o(i.GPIO_SetBits)
    Gimbal_Angle_control                     0x08001a81   Thumb Code    76  pwm.o(i.Gimbal_Angle_control)
    Gimbal_PWM_Init                          0x08001ad1   Thumb Code    36  pwm.o(i.Gimbal_PWM_Init)
    HardFault_Handler                        0x08001af5   Thumb Code     4  stm32f4xx_it.o(i.HardFault_Handler)
    MemManage_Handler                        0x08001af9   Thumb Code     4  stm32f4xx_it.o(i.MemManage_Handler)
    NMI_Handler                              0x08001afd   Thumb Code     2  stm32f4xx_it.o(i.NMI_Handler)
    NVIC_Init                                0x08001b01   Thumb Code   106  misc.o(i.NVIC_Init)
    NVIC_PriorityGroupConfig                 0x08001b79   Thumb Code    10  misc.o(i.NVIC_PriorityGroupConfig)
    PID_Calc                                 0x08001b8d   Thumb Code   492  pid.o(i.PID_Calc)
    PID_Init                                 0x08001d7d   Thumb Code    92  pid.o(i.PID_Init)
    PWM_TIM2_Init                            0x08001ddd   Thumb Code   238  pwm.o(i.PWM_TIM2_Init)
    RCC_AHB1PeriphClockCmd                   0x08001ed1   Thumb Code    26  stm32f4xx_rcc.o(i.RCC_AHB1PeriphClockCmd)
    RCC_APB1PeriphClockCmd                   0x08001ef1   Thumb Code    26  stm32f4xx_rcc.o(i.RCC_APB1PeriphClockCmd)
    RCC_APB1PeriphResetCmd                   0x08001f11   Thumb Code    26  stm32f4xx_rcc.o(i.RCC_APB1PeriphResetCmd)
    RCC_APB2PeriphClockCmd                   0x08001f31   Thumb Code    26  stm32f4xx_rcc.o(i.RCC_APB2PeriphClockCmd)
    RCC_APB2PeriphResetCmd                   0x08001f51   Thumb Code    26  stm32f4xx_rcc.o(i.RCC_APB2PeriphResetCmd)
    RCC_GetClocksFreq                        0x08001f71   Thumb Code   214  stm32f4xx_rcc.o(i.RCC_GetClocksFreq)
    RC_Init                                  0x08002059   Thumb Code   312  rc.o(i.RC_Init)
    SysTick_CLKSourceConfig                  0x080023a1   Thumb Code    40  misc.o(i.SysTick_CLKSourceConfig)
    SysTick_Handler                          0x080023c9   Thumb Code    16  freertos_middleware.o(i.SysTick_Handler)
    SystemInit                               0x080023d9   Thumb Code    88  system_stm32f4xx.o(i.SystemInit)
    TIM3_IRQHandler                          0x08002441   Thumb Code    40  freertos_middleware.o(i.TIM3_IRQHandler)
    TIM_ARRPreloadConfig                     0x08002471   Thumb Code    24  stm32f4xx_tim.o(i.TIM_ARRPreloadConfig)
    TIM_ClearFlag                            0x08002489   Thumb Code     6  stm32f4xx_tim.o(i.TIM_ClearFlag)
    TIM_Cmd                                  0x0800248f   Thumb Code    24  stm32f4xx_tim.o(i.TIM_Cmd)
    TIM_GetITStatus                          0x080024a7   Thumb Code    34  stm32f4xx_tim.o(i.TIM_GetITStatus)
    TIM_OC1Init                              0x080024c9   Thumb Code   114  stm32f4xx_tim.o(i.TIM_OC1Init)
    TIM_OC1PreloadConfig                     0x08002545   Thumb Code    18  stm32f4xx_tim.o(i.TIM_OC1PreloadConfig)
    TIM_OC2Init                              0x08002559   Thumb Code   154  stm32f4xx_tim.o(i.TIM_OC2Init)
    TIM_OC2PreloadConfig                     0x080025fd   Thumb Code    26  stm32f4xx_tim.o(i.TIM_OC2PreloadConfig)
    TIM_OC3Init                              0x08002619   Thumb Code   150  stm32f4xx_tim.o(i.TIM_OC3Init)
    TIM_OC3PreloadConfig                     0x080026b9   Thumb Code    18  stm32f4xx_tim.o(i.TIM_OC3PreloadConfig)
    TIM_OC4Init                              0x080026cd   Thumb Code   112  stm32f4xx_tim.o(i.TIM_OC4Init)
    TIM_OC4PreloadConfig                     0x08002745   Thumb Code    26  stm32f4xx_tim.o(i.TIM_OC4PreloadConfig)
    TIM_SetCompare1                          0x0800275f   Thumb Code     4  stm32f4xx_tim.o(i.TIM_SetCompare1)
    TIM_SetCompare2                          0x08002763   Thumb Code     4  stm32f4xx_tim.o(i.TIM_SetCompare2)
    TIM_TimeBaseInit                         0x08002769   Thumb Code   104  stm32f4xx_tim.o(i.TIM_TimeBaseInit)
    USART1_IRQHandler                        0x080027ed   Thumb Code   204  remote_control.o(i.USART1_IRQHandler)
    USART_ClearFlag                          0x080028d1   Thumb Code    18  stm32f4xx_usart.o(i.USART_ClearFlag)
    USART_Cmd                                0x080028e3   Thumb Code    24  stm32f4xx_usart.o(i.USART_Cmd)
    USART_DMACmd                             0x080028fb   Thumb Code    18  stm32f4xx_usart.o(i.USART_DMACmd)
    USART_DeInit                             0x0800290d   Thumb Code   206  stm32f4xx_usart.o(i.USART_DeInit)
    USART_GetITStatus                        0x080029fd   Thumb Code    84  stm32f4xx_usart.o(i.USART_GetITStatus)
    USART_ITConfig                           0x08002a51   Thumb Code    74  stm32f4xx_usart.o(i.USART_ITConfig)
    USART_Init                               0x08002a9d   Thumb Code   204  stm32f4xx_usart.o(i.USART_Init)
    USART_ReceiveData                        0x08002b71   Thumb Code    10  stm32f4xx_usart.o(i.USART_ReceiveData)
    UsageFault_Handler                       0x08002b7b   Thumb Code     4  stm32f4xx_it.o(i.UsageFault_Handler)
    UserTask                                 0x08002b81   Thumb Code    44  user_task.o(i.UserTask)
    __scatterload_copy                       0x08002bb1   Thumb Code    14  handlers.o(i.__scatterload_copy)
    __scatterload_null                       0x08002bbf   Thumb Code     2  handlers.o(i.__scatterload_null)
    __scatterload_zeroinit                   0x08002bc1   Thumb Code    14  handlers.o(i.__scatterload_zeroinit)
    all_flow_led_off                         0x08002bcf   Thumb Code    20  led.o(i.all_flow_led_off)
    arm_init                                 0x08002be5   Thumb Code   102  arm_behavior.o(i.arm_init)
    arm_mode_behaviour                       0x08002c85   Thumb Code   670  arm_behavior.o(i.arm_mode_behaviour)
    arm_task                                 0x08002f61   Thumb Code    84  arm_task.o(i.arm_task)
    carry_task                               0x08002fc5   Thumb Code   936  carry_task.o(i.carry_task)
    chassis_init                             0x080033c9   Thumb Code    64  chassis_behaviour.o(i.chassis_init)
    chassis_mode_behaviour                   0x0800342d   Thumb Code  1472  chassis_behaviour.o(i.chassis_mode_behaviour)
    chassis_task                             0x08003a09   Thumb Code    70  chassis_task.o(i.chassis_task)
    delay_init                               0x08003a5d   Thumb Code    90  delay.o(i.delay_init)
    delay_ms                                 0x08003ac9   Thumb Code    76  delay.o(i.delay_ms)
    first_order_filter_cali                  0x08003b19   Thumb Code    84  user_lib.o(i.first_order_filter_cali)
    first_order_filter_init                  0x08003b6d   Thumb Code    32  user_lib.o(i.first_order_filter_init)
    flow_led_off                             0x08003b91   Thumb Code    20  led.o(i.flow_led_off)
    get_Arm_Left_Motor_Measure_Point         0x08003ba9   Thumb Code     4  can_receive.o(i.get_Arm_Left_Motor_Measure_Point)
    get_Carryforward_Left_Motor_Measure_Point 0x08003bb1   Thumb Code     4  can_receive.o(i.get_Carryforward_Left_Motor_Measure_Point)
    get_Carryforward_Right_Motor_Measure_Point 0x08003bb9   Thumb Code     4  can_receive.o(i.get_Carryforward_Right_Motor_Measure_Point)
    get_Table_Left_Motor_Measure_Point       0x08003bc1   Thumb Code     4  can_receive.o(i.get_Table_Left_Motor_Measure_Point)
    gpio_close_init                          0x08003bc9   Thumb Code    56  relay.o(i.gpio_close_init)
    gpio_forward_init                        0x08003c05   Thumb Code    56  relay.o(i.gpio_forward_init)
    gpio_open_init                           0x08003c41   Thumb Code    56  relay.o(i.gpio_open_init)
    gpio_relays_init                         0x08003c7d   Thumb Code    24  relay.o(i.gpio_relays_init)
    gpio_up_init                             0x08003c95   Thumb Code    54  relay.o(i.gpio_up_init)
    keyboard_flag_scan                       0x08003cd1   Thumb Code  1160  keyboard_control.o(i.keyboard_flag_scan)
    led_configuration                        0x08004165   Thumb Code    90  led.o(i.led_configuration)
    led_green_off                            0x080041cd   Thumb Code    14  led.o(i.led_green_off)
    led_green_on                             0x080041e1   Thumb Code    14  led.o(i.led_green_on)
    led_red_off                              0x080041f5   Thumb Code    14  led.o(i.led_red_off)
    main                                     0x08004209   Thumb Code    22  main.o(i.main)
    power_ctrl_configuration                 0x08004221   Thumb Code    66  power_ctrl.o(i.power_ctrl_configuration)
    power_ctrl_off                           0x08004269   Thumb Code    26  power_ctrl.o(i.power_ctrl_off)
    power_ctrl_on                            0x08004289   Thumb Code    26  power_ctrl.o(i.power_ctrl_on)
    pvPortMalloc                             0x08004ced   Thumb Code   296  heap_4.o(i.pvPortMalloc)
    pvTaskIncrementMutexHeldCount            0x08004e29   Thumb Code    26  tasks.o(i.pvTaskIncrementMutexHeldCount)
    pxPortInitialiseStack                    0x08004e49   Thumb Code    38  port.o(i.pxPortInitialiseStack)
    remote_control_init                      0x08004e75   Thumb Code    16  remote_control.o(i.remote_control_init)
    startTast                                0x08004e89   Thumb Code    24  start_task.o(i.startTast)
    start_task                               0x08004eb5   Thumb Code   130  start_task.o(i.start_task)
    uxListRemove                             0x08004f9d   Thumb Code    40  list.o(i.uxListRemove)
    uxTaskGetStackHighWaterMark              0x08004fc5   Thumb Code    34  tasks.o(i.uxTaskGetStackHighWaterMark)
    vListInitialise                          0x08004fed   Thumb Code    26  list.o(i.vListInitialise)
    vListInitialiseItem                      0x08005007   Thumb Code     6  list.o(i.vListInitialiseItem)
    vListInsert                              0x0800500d   Thumb Code    52  list.o(i.vListInsert)
    vListInsertEnd                           0x08005041   Thumb Code    24  list.o(i.vListInsertEnd)
    vPortEnterCritical                       0x08005059   Thumb Code    76  port.o(i.vPortEnterCritical)
    vPortExitCritical                        0x080050ad   Thumb Code    56  port.o(i.vPortExitCritical)
    vPortFree                                0x080050e9   Thumb Code   140  heap_4.o(i.vPortFree)
    vPortSetupTimerInterrupt                 0x0800517d   Thumb Code     2  freertos_middleware.o(i.vPortSetupTimerInterrupt)
    vPortValidateInterruptPriority           0x08005181   Thumb Code   106  port.o(i.vPortValidateInterruptPriority)
    vQueueAddToRegistry                      0x080051f9   Thumb Code    38  queue.o(i.vQueueAddToRegistry)
    vQueueWaitForMessageRestricted           0x08005225   Thumb Code    74  queue.o(i.vQueueWaitForMessageRestricted)
    vTaskDelay                               0x08005271   Thumb Code    82  tasks.o(i.vTaskDelay)
    vTaskDelete                              0x080052cd   Thumb Code   202  tasks.o(i.vTaskDelete)
    vTaskMissedYield                         0x080053c1   Thumb Code     8  tasks.o(i.vTaskMissedYield)
    vTaskPlaceOnEventList                    0x080053cd   Thumb Code    52  tasks.o(i.vTaskPlaceOnEventList)
    vTaskPlaceOnEventListRestricted          0x08005405   Thumb Code    60  tasks.o(i.vTaskPlaceOnEventListRestricted)
    vTaskPriorityInherit                     0x08005445   Thumb Code   164  tasks.o(i.vTaskPriorityInherit)
    vTaskSetTimeOutState                     0x080054f5   Thumb Code    38  tasks.o(i.vTaskSetTimeOutState)
    vTaskStartScheduler                      0x08005525   Thumb Code   118  tasks.o(i.vTaskStartScheduler)
    vTaskSuspendAll                          0x080055b9   Thumb Code    12  tasks.o(i.vTaskSuspendAll)
    vTaskSwitchContext                       0x080055c9   Thumb Code   118  tasks.o(i.vTaskSwitchContext)
    xPortStartScheduler                      0x08005655   Thumb Code   288  port.o(i.xPortStartScheduler)
    xPortSysTickHandler                      0x08005791   Thumb Code    46  port.o(i.xPortSysTickHandler)
    xQueueGenericCreate                      0x080057c5   Thumb Code    88  queue.o(i.xQueueGenericCreate)
    xQueueGenericReceive                     0x0800581d   Thumb Code   446  queue.o(i.xQueueGenericReceive)
    xQueueGenericReset                       0x080059e1   Thumb Code   146  queue.o(i.xQueueGenericReset)
    xQueueGenericSend                        0x08005a79   Thumb Code   452  queue.o(i.xQueueGenericSend)
    xQueueGenericSendFromISR                 0x08005c41   Thumb Code   264  queue.o(i.xQueueGenericSendFromISR)
    xTaskCheckForTimeOut                     0x08005d49   Thumb Code   132  tasks.o(i.xTaskCheckForTimeOut)
    xTaskCreate                              0x08005dd5   Thumb Code    96  tasks.o(i.xTaskCreate)
    xTaskGetSchedulerState                   0x08005e35   Thumb Code    24  tasks.o(i.xTaskGetSchedulerState)
    xTaskGetTickCount                        0x08005e55   Thumb Code     6  tasks.o(i.xTaskGetTickCount)
    xTaskIncrementTick                       0x08005e61   Thumb Code   282  tasks.o(i.xTaskIncrementTick)
    xTaskPriorityDisinherit                  0x08005fa9   Thumb Code   188  tasks.o(i.xTaskPriorityDisinherit)
    xTaskRemoveFromEventList                 0x08006071   Thumb Code   128  tasks.o(i.xTaskRemoveFromEventList)
    xTaskResumeAll                           0x08006109   Thumb Code   224  tasks.o(i.xTaskResumeAll)
    xTimerCreateTimerTask                    0x0800620d   Thumb Code    64  timers.o(i.xTimerCreateTimerTask)
    xTimerGenericCommand                     0x08006261   Thumb Code   126  timers.o(i.xTimerGenericCommand)
    Region$$Table$$Base                      0x08006340   Number         0  anon$$obj.o(Region$$Table)
    Region$$Table$$Limit                     0x08006360   Number         0  anon$$obj.o(Region$$Table)
    SystemCoreClock                          0x20000000   Data           4  system_stm32f4xx.o(.data)
    AHBPrescTable                            0x20000004   Data          16  system_stm32f4xx.o(.data)
    pxCurrentTCB                             0x20000024   Data           4  tasks.o(.data)
    FreeRTOSRunTimeTicks                     0x200000a0   Data           8  freertos_middleware.o(.data)
    GIMBALTask_Handler                       0x200000b0   Data           4  start_task.o(.data)
    ChassisTask_Handler                      0x200000b4   Data           4  start_task.o(.data)
    ArmTask_Handler                          0x200000b8   Data           4  start_task.o(.data)
    CarryTask_Handler                        0x200000bc   Data           4  start_task.o(.data)
    UserTaskStack                            0x200000c0   Data           4  user_task.o(.data)
    angle_arm_init                           0x200000c8   Data           4  arm_behavior.o(.data)
    angle_arm                                0x200000cc   Data           4  arm_behavior.o(.data)
    angle_arm_remain                         0x200000d0   Data           4  arm_behavior.o(.data)
    angle_arm_out                            0x200000d4   Data           4  arm_behavior.o(.data)
    current_arm_left                         0x200000d8   Data           2  arm_behavior.o(.data)
    current_arm_right                        0x200000da   Data           2  arm_behavior.o(.data)
    arm_left                                 0x200000dc   Data           4  arm_behavior.o(.data)
    arm_right                                0x200000e0   Data           4  arm_behavior.o(.data)
    table_left                               0x200000e4   Data           4  arm_behavior.o(.data)
    table_right                              0x200000e8   Data           4  arm_behavior.o(.data)
    arm_task_stack                           0x200000ec   Data           4  arm_task.o(.data)
    MODE_ARM                                 0x200000f0   Data           1  arm_task.o(.data)
    angle_carryleft_init                     0x200000f4   Data           4  carry_task.o(.data)
    angle_carryleft                          0x200000f8   Data           4  carry_task.o(.data)
    angle_carryleft_remain                   0x200000fc   Data           4  carry_task.o(.data)
    angle_carryleft_out                      0x20000100   Data           4  carry_task.o(.data)
    angle_carryright_init                    0x20000104   Data           4  carry_task.o(.data)
    angle_carryright                         0x20000108   Data           4  carry_task.o(.data)
    angle_carryright_remain                  0x2000010c   Data           4  carry_task.o(.data)
    angle_carryright_out                     0x20000110   Data           4  carry_task.o(.data)
    current_carry_left                       0x20000114   Data           2  carry_task.o(.data)
    current_carry_right                      0x20000116   Data           2  carry_task.o(.data)
    carry_left                               0x20000118   Data           4  carry_task.o(.data)
    carry_right                              0x2000011c   Data           4  carry_task.o(.data)
    gimbal_task_stack                        0x20000124   Data           4  gimbal_task.o(.data)
    pitch_angle_zero                         0x20000128   Data           4  gimbal_task.o(.data)
    pitch_angle                              0x2000012c   Data           4  gimbal_task.o(.data)
    cnt                                      0x20000130   Data           4  gimbal_task.o(.data)
    chassis_task_stack                       0x20000134   Data           4  chassis_task.o(.data)
    count                                    0x20000138   Data           4  chassis_task.o(.data)
    power                                    0x2000013c   Data           4  chassis_task.o(.data)
    pick_count                               0x20000140   Data           4  chassis_task.o(.data)
    arm_count                                0x20000144   Data           4  chassis_task.o(.data)
    jig_count                                0x20000148   Data           4  chassis_task.o(.data)
    speed_x                                  0x2000014c   Data           2  chassis_behaviour.o(.data)
    speed_y                                  0x2000014e   Data           2  chassis_behaviour.o(.data)
    speed_turn                               0x20000150   Data           2  chassis_behaviour.o(.data)
    SPEED_MAX                                0x20000152   Data           2  chassis_behaviour.o(.data)
    current                                  0x20000154   Data           8  chassis_behaviour.o(.data)
    MODE_CHASSIS                             0x2000015c   Data           1  chassis_behaviour.o(.data)
    xQueueRegistry                           0x20000160   Data          64  queue.o(.bss)
    rc_ctrl                                  0x200204ac   Data          22  remote_control.o(.bss)
    arm_angle                                0x2002050c   Data          72  arm_behavior.o(.bss)
    arm_speed                                0x20020554   Data          72  arm_behavior.o(.bss)
    table_angle                              0x2002059c   Data          72  arm_behavior.o(.bss)
    table_speed                              0x200205e4   Data          72  arm_behavior.o(.bss)
    carry_angle                              0x2002062c   Data          72  carry_task.o(.bss)
    carry_speed                              0x20020674   Data          72  carry_task.o(.bss)
    motor_arm_left                           0x200206bc   Data          32  can_receive.o(.bss)
    motor_arm_right                          0x200206dc   Data          32  can_receive.o(.bss)
    motor_table_left                         0x200206fc   Data          32  can_receive.o(.bss)
    motor_table_right                        0x2002071c   Data          32  can_receive.o(.bss)
    motor_carryforward                       0x2002073c   Data          32  can_receive.o(.bss)
    motor_carryup_left                       0x2002075c   Data          32  can_receive.o(.bss)
    motor_carryup_right                      0x2002077c   Data          32  can_receive.o(.bss)
    motor_chassis                            0x2002079c   Data         128  can_receive.o(.bss)
    rx1_message                              0x2002081c   Data          20  can_receive.o(.bss)
    rx2_message                              0x20020830   Data          20  can_receive.o(.bss)
    motor_feedback_time                      0x20020844   Data          11  can_receive.o(.bss)
    speed                                    0x20020850   Data          16  chassis_behaviour.o(.bss)
    chassis_cmd_slow_set_vx                  0x20020860   Data          16  chassis_behaviour.o(.bss)
    chassis_cmd_slow_set_vy                  0x20020870   Data          16  chassis_behaviour.o(.bss)
    pid_wheel_spd                            0x20020880   Data         288  chassis_behaviour.o(.bss)
    key_board                                0x200209a0   Data          18  keyboard_control.o(.bss)
    key_board_flag                           0x200209b2   Data          18  keyboard_control.o(.bss)
    Time                                     0x200209c4   Data          36  keyboard_control.o(.bss)
    __initial_sp                             0x20020de8   Data           0  startup_stm32f427xx.o(STACK)



==============================================================================

Memory Map of the image

  Image Entry point : 0x080001ad

  Load Region LR_IROM1 (Base: 0x08000000, Size: 0x000064c0, Max: 0x00200000, ABSOLUTE, COMPRESSED[0x00006380])

    Execution Region ER_IROM1 (Exec base: 0x08000000, Load base: 0x08000000, Size: 0x00006360, Max: 0x00200000, ABSOLUTE)

    Exec Addr    Load Addr    Size         Type   Attr      Idx    E Section Name        Object

    0x08000000   0x08000000   0x000001ac   Data   RO            3    RESET               startup_stm32f427xx.o
    0x080001ac   0x080001ac   0x00000000   Code   RO         8267  * .ARM.Collect$$$$00000000  mc_w.l(entry.o)
    0x080001ac   0x080001ac   0x00000004   Code   RO         8572    .ARM.Collect$$$$00000001  mc_w.l(entry2.o)
    0x080001b0   0x080001b0   0x00000004   Code   RO         8575    .ARM.Collect$$$$00000004  mc_w.l(entry5.o)
    0x080001b4   0x080001b4   0x00000000   Code   RO         8577    .ARM.Collect$$$$00000008  mc_w.l(entry7b.o)
    0x080001b4   0x080001b4   0x00000000   Code   RO         8579    .ARM.Collect$$$$0000000A  mc_w.l(entry8b.o)
    0x080001b4   0x080001b4   0x00000008   Code   RO         8580    .ARM.Collect$$$$0000000B  mc_w.l(entry9a.o)
    0x080001bc   0x080001bc   0x00000000   Code   RO         8582    .ARM.Collect$$$$0000000D  mc_w.l(entry10a.o)
    0x080001bc   0x080001bc   0x00000000   Code   RO         8584    .ARM.Collect$$$$0000000F  mc_w.l(entry11a.o)
    0x080001bc   0x080001bc   0x00000004   Code   RO         8573    .ARM.Collect$$$$00002712  mc_w.l(entry2.o)
    0x080001c0   0x080001c0   0x000000b6   Code   RO         6325    .emb_text           port.o
    0x08000276   0x08000276   0x00000002   PAD
    0x08000278   0x08000278   0x00000034   Code   RO            4    .text               startup_stm32f427xx.o
    0x080002ac   0x080002ac   0x00000024   Code   RO         8270    .text               mc_w.l(memcpya.o)
    0x080002d0   0x080002d0   0x00000024   Code   RO         8272    .text               mc_w.l(memseta.o)
    0x080002f4   0x080002f4   0x00000024   Code   RO         8611    .text               mc_w.l(init.o)
    0x08000318   0x08000318   0x00000056   Code   RO         8635    .text               mc_w.l(__dczerorl2.o)
    0x0800036e   0x0800036e   0x00000040   Code   RO         6870    i.BSP_init          main.o
    0x080003ae   0x080003ae   0x00000004   Code   RO           13    i.BusFault_Handler  stm32f4xx_it.o
    0x080003b2   0x080003b2   0x00000002   PAD
    0x080003b4   0x080003b4   0x00000030   Code   RO         7745    i.CAN1_RX0_IRQHandler  can_receive.o
    0x080003e4   0x080003e4   0x00000690   Code   RO         7746    i.CAN1_hook         can_receive.o
    0x08000a74   0x08000a74   0x00000110   Code   RO         7328    i.CAN1_mode_init    can.o
    0x08000b84   0x08000b84   0x00000030   Code   RO         7747    i.CAN2_RX1_IRQHandler  can_receive.o
    0x08000bb4   0x08000bb4   0x00000254   Code   RO         7748    i.CAN2_hook         can_receive.o
    0x08000e08   0x08000e08   0x00000114   Code   RO         7329    i.CAN2_mode_init    can.o
    0x08000f1c   0x08000f1c   0x00000064   Code   RO         7749    i.CAN_CMD_ARM       can_receive.o
    0x08000f80   0x08000f80   0x00000064   Code   RO         7750    i.CAN_CMD_CARRY     can_receive.o
    0x08000fe4   0x08000fe4   0x00000064   Code   RO         7751    i.CAN_CMD_CHASSIS   can_receive.o
    0x08001048   0x08001048   0x000000a8   Code   RO          597    i.CAN_ClearITPendingBit  stm32f4xx_can.o
    0x080010f0   0x080010f0   0x00000108   Code   RO          601    i.CAN_FilterInit    stm32f4xx_can.o
    0x080011f8   0x080011f8   0x00000120   Code   RO          603    i.CAN_GetITStatus   stm32f4xx_can.o
    0x08001318   0x08001318   0x00000012   Code   RO          607    i.CAN_ITConfig      stm32f4xx_can.o
    0x0800132a   0x0800132a   0x00000114   Code   RO          608    i.CAN_Init          stm32f4xx_can.o
    0x0800143e   0x0800143e   0x000000f0   Code   RO          611    i.CAN_Receive       stm32f4xx_can.o
    0x0800152e   0x0800152e   0x00000126   Code   RO          616    i.CAN_Transmit      stm32f4xx_can.o
    0x08001654   0x08001654   0x00000012   Code   RO          619    i.CheckITStatus     stm32f4xx_can.o
    0x08001666   0x08001666   0x00000002   PAD
    0x08001668   0x08001668   0x00000034   Code   RO         1374    i.DMA_ClearFlag     stm32f4xx_dma.o
    0x0800169c   0x0800169c   0x00000016   Code   RO         1376    i.DMA_Cmd           stm32f4xx_dma.o
    0x080016b2   0x080016b2   0x00000002   PAD
    0x080016b4   0x080016b4   0x00000158   Code   RO         1377    i.DMA_DeInit        stm32f4xx_dma.o
    0x0800180c   0x0800180c   0x00000016   Code   RO         1378    i.DMA_DoubleBufferModeCmd  stm32f4xx_dma.o
    0x08001822   0x08001822   0x00000018   Code   RO         1379    i.DMA_DoubleBufferModeConfig  stm32f4xx_dma.o
    0x0800183a   0x0800183a   0x00000008   Code   RO         1382    i.DMA_GetCurrDataCounter  stm32f4xx_dma.o
    0x08001842   0x08001842   0x00000014   Code   RO         1383    i.DMA_GetCurrentMemoryTarget  stm32f4xx_dma.o
    0x08001856   0x08001856   0x00000002   PAD
    0x08001858   0x08001858   0x00000058   Code   RO         1388    i.DMA_Init          stm32f4xx_dma.o
    0x080018b0   0x080018b0   0x00000004   Code   RO         1391    i.DMA_SetCurrDataCounter  stm32f4xx_dma.o
    0x080018b4   0x080018b4   0x00000002   Code   RO           14    i.DebugMon_Handler  stm32f4xx_it.o
    0x080018b6   0x080018b6   0x00000002   PAD
    0x080018b8   0x080018b8   0x000000e8   Code   RO         7864    i.GIMBAL_task       gimbal_task.o
    0x080019a0   0x080019a0   0x00000090   Code   RO         2221    i.GPIO_Init         stm32f4xx_gpio.o
    0x08001a30   0x08001a30   0x00000046   Code   RO         2222    i.GPIO_PinAFConfig  stm32f4xx_gpio.o
    0x08001a76   0x08001a76   0x00000004   Code   RO         2228    i.GPIO_ResetBits    stm32f4xx_gpio.o
    0x08001a7a   0x08001a7a   0x00000004   Code   RO         2229    i.GPIO_SetBits      stm32f4xx_gpio.o
    0x08001a7e   0x08001a7e   0x00000002   PAD
    0x08001a80   0x08001a80   0x00000050   Code   RO         7292    i.Gimbal_Angle_control  pwm.o
    0x08001ad0   0x08001ad0   0x00000024   Code   RO         7293    i.Gimbal_PWM_Init   pwm.o
    0x08001af4   0x08001af4   0x00000004   Code   RO           15    i.HardFault_Handler  stm32f4xx_it.o
    0x08001af8   0x08001af8   0x00000004   Code   RO           16    i.MemManage_Handler  stm32f4xx_it.o
    0x08001afc   0x08001afc   0x00000002   Code   RO           17    i.NMI_Handler       stm32f4xx_it.o
    0x08001afe   0x08001afe   0x00000002   PAD
    0x08001b00   0x08001b00   0x00000078   Code   RO          301    i.NVIC_Init         misc.o
    0x08001b78   0x08001b78   0x00000014   Code   RO          302    i.NVIC_PriorityGroupConfig  misc.o
    0x08001b8c   0x08001b8c   0x000001f0   Code   RO         7985    i.PID_Calc          pid.o
    0x08001d7c   0x08001d7c   0x00000060   Code   RO         7986    i.PID_Init          pid.o
    0x08001ddc   0x08001ddc   0x000000f4   Code   RO         7294    i.PWM_TIM2_Init     pwm.o
    0x08001ed0   0x08001ed0   0x00000020   Code   RO         3159    i.RCC_AHB1PeriphClockCmd  stm32f4xx_rcc.o
    0x08001ef0   0x08001ef0   0x00000020   Code   RO         3168    i.RCC_APB1PeriphClockCmd  stm32f4xx_rcc.o
    0x08001f10   0x08001f10   0x00000020   Code   RO         3170    i.RCC_APB1PeriphResetCmd  stm32f4xx_rcc.o
    0x08001f30   0x08001f30   0x00000020   Code   RO         3171    i.RCC_APB2PeriphClockCmd  stm32f4xx_rcc.o
    0x08001f50   0x08001f50   0x00000020   Code   RO         3173    i.RCC_APB2PeriphResetCmd  stm32f4xx_rcc.o
    0x08001f70   0x08001f70   0x000000e8   Code   RO         3180    i.RCC_GetClocksFreq  stm32f4xx_rcc.o
    0x08002058   0x08002058   0x0000014c   Code   RO         7253    i.RC_Init           rc.o
    0x080021a4   0x080021a4   0x000000da   Code   RO         7575    i.SBUS_TO_RC        remote_control.o
    0x0800227e   0x0800227e   0x00000002   PAD
    0x08002280   0x08002280   0x00000120   Code   RO          184    i.SetSysClock       system_stm32f4xx.o
    0x080023a0   0x080023a0   0x00000028   Code   RO          305    i.SysTick_CLKSourceConfig  misc.o
    0x080023c8   0x080023c8   0x00000010   Code   RO         7407    i.SysTick_Handler   freertos_middleware.o
    0x080023d8   0x080023d8   0x00000068   Code   RO          186    i.SystemInit        system_stm32f4xx.o
    0x08002440   0x08002440   0x00000030   Code   RO         7408    i.TIM3_IRQHandler   freertos_middleware.o
    0x08002470   0x08002470   0x00000018   Code   RO         4546    i.TIM_ARRPreloadConfig  stm32f4xx_tim.o
    0x08002488   0x08002488   0x00000006   Code   RO         4552    i.TIM_ClearFlag     stm32f4xx_tim.o
    0x0800248e   0x0800248e   0x00000018   Code   RO         4558    i.TIM_Cmd           stm32f4xx_tim.o
    0x080024a6   0x080024a6   0x00000022   Code   RO         4579    i.TIM_GetITStatus   stm32f4xx_tim.o
    0x080024c8   0x080024c8   0x0000007c   Code   RO         4587    i.TIM_OC1Init       stm32f4xx_tim.o
    0x08002544   0x08002544   0x00000012   Code   RO         4590    i.TIM_OC1PreloadConfig  stm32f4xx_tim.o
    0x08002556   0x08002556   0x00000002   PAD
    0x08002558   0x08002558   0x000000a4   Code   RO         4592    i.TIM_OC2Init       stm32f4xx_tim.o
    0x080025fc   0x080025fc   0x0000001a   Code   RO         4595    i.TIM_OC2PreloadConfig  stm32f4xx_tim.o
    0x08002616   0x08002616   0x00000002   PAD
    0x08002618   0x08002618   0x000000a0   Code   RO         4597    i.TIM_OC3Init       stm32f4xx_tim.o
    0x080026b8   0x080026b8   0x00000012   Code   RO         4600    i.TIM_OC3PreloadConfig  stm32f4xx_tim.o
    0x080026ca   0x080026ca   0x00000002   PAD
    0x080026cc   0x080026cc   0x00000078   Code   RO         4602    i.TIM_OC4Init       stm32f4xx_tim.o
    0x08002744   0x08002744   0x0000001a   Code   RO         4604    i.TIM_OC4PreloadConfig  stm32f4xx_tim.o
    0x0800275e   0x0800275e   0x00000004   Code   RO         4620    i.TIM_SetCompare1   stm32f4xx_tim.o
    0x08002762   0x08002762   0x00000004   Code   RO         4621    i.TIM_SetCompare2   stm32f4xx_tim.o
    0x08002766   0x08002766   0x00000002   PAD
    0x08002768   0x08002768   0x00000084   Code   RO         4630    i.TIM_TimeBaseInit  stm32f4xx_tim.o
    0x080027ec   0x080027ec   0x000000e4   Code   RO         7576    i.USART1_IRQHandler  remote_control.o
    0x080028d0   0x080028d0   0x00000012   Code   RO         5108    i.USART_ClearFlag   stm32f4xx_usart.o
    0x080028e2   0x080028e2   0x00000018   Code   RO         5112    i.USART_Cmd         stm32f4xx_usart.o
    0x080028fa   0x080028fa   0x00000012   Code   RO         5113    i.USART_DMACmd      stm32f4xx_usart.o
    0x0800290c   0x0800290c   0x000000f0   Code   RO         5114    i.USART_DeInit      stm32f4xx_usart.o
    0x080029fc   0x080029fc   0x00000054   Code   RO         5116    i.USART_GetITStatus  stm32f4xx_usart.o
    0x08002a50   0x08002a50   0x0000004a   Code   RO         5118    i.USART_ITConfig    stm32f4xx_usart.o
    0x08002a9a   0x08002a9a   0x00000002   PAD
    0x08002a9c   0x08002a9c   0x000000d4   Code   RO         5119    i.USART_Init        stm32f4xx_usart.o
    0x08002b70   0x08002b70   0x0000000a   Code   RO         5126    i.USART_ReceiveData  stm32f4xx_usart.o
    0x08002b7a   0x08002b7a   0x00000004   Code   RO           18    i.UsageFault_Handler  stm32f4xx_it.o
    0x08002b7e   0x08002b7e   0x00000002   PAD
    0x08002b80   0x08002b80   0x00000030   Code   RO         7543    i.UserTask          user_task.o
    0x08002bb0   0x08002bb0   0x0000000e   Code   RO         8629    i.__scatterload_copy  mc_w.l(handlers.o)
    0x08002bbe   0x08002bbe   0x00000002   Code   RO         8630    i.__scatterload_null  mc_w.l(handlers.o)
    0x08002bc0   0x08002bc0   0x0000000e   Code   RO         8631    i.__scatterload_zeroinit  mc_w.l(handlers.o)
    0x08002bce   0x08002bce   0x00000014   Code   RO         7041    i.all_flow_led_off  led.o
    0x08002be2   0x08002be2   0x00000002   PAD
    0x08002be4   0x08002be4   0x000000a0   Code   RO         7644    i.arm_init          arm_behavior.o
    0x08002c84   0x08002c84   0x000002dc   Code   RO         7645    i.arm_mode_behaviour  arm_behavior.o
    0x08002f60   0x08002f60   0x00000064   Code   RO         7683    i.arm_task          arm_task.o
    0x08002fc4   0x08002fc4   0x00000404   Code   RO         7713    i.carry_task        carry_task.o
    0x080033c8   0x080033c8   0x00000064   Code   RO         7928    i.chassis_init      chassis_behaviour.o
    0x0800342c   0x0800342c   0x000005dc   Code   RO         7929    i.chassis_mode_behaviour  chassis_behaviour.o
    0x08003a08   0x08003a08   0x00000054   Code   RO         7894    i.chassis_task      chassis_task.o
    0x08003a5c   0x08003a5c   0x0000006c   Code   RO         7140    i.delay_init        delay.o
    0x08003ac8   0x08003ac8   0x00000050   Code   RO         7141    i.delay_ms          delay.o
    0x08003b18   0x08003b18   0x00000054   Code   RO         6769    i.first_order_filter_cali  user_lib.o
    0x08003b6c   0x08003b6c   0x00000024   Code   RO         6770    i.first_order_filter_init  user_lib.o
    0x08003b90   0x08003b90   0x00000018   Code   RO         7044    i.flow_led_off      led.o
    0x08003ba8   0x08003ba8   0x00000008   Code   RO         7753    i.get_Arm_Left_Motor_Measure_Point  can_receive.o
    0x08003bb0   0x08003bb0   0x00000008   Code   RO         7755    i.get_Carryforward_Left_Motor_Measure_Point  can_receive.o
    0x08003bb8   0x08003bb8   0x00000008   Code   RO         7757    i.get_Carryforward_Right_Motor_Measure_Point  can_receive.o
    0x08003bc0   0x08003bc0   0x00000008   Code   RO         7759    i.get_Table_Left_Motor_Measure_Point  can_receive.o
    0x08003bc8   0x08003bc8   0x0000003c   Code   RO         8015    i.gpio_close_init   relay.o
    0x08003c04   0x08003c04   0x0000003c   Code   RO         8016    i.gpio_forward_init  relay.o
    0x08003c40   0x08003c40   0x0000003c   Code   RO         8017    i.gpio_open_init    relay.o
    0x08003c7c   0x08003c7c   0x00000018   Code   RO         8018    i.gpio_relays_init  relay.o
    0x08003c94   0x08003c94   0x0000003c   Code   RO         8019    i.gpio_up_init      relay.o
    0x08003cd0   0x08003cd0   0x00000494   Code   RO         7963    i.keyboard_flag_scan  keyboard_control.o
    0x08004164   0x08004164   0x00000068   Code   RO         7047    i.led_configuration  led.o
    0x080041cc   0x080041cc   0x00000014   Code   RO         7048    i.led_green_off     led.o
    0x080041e0   0x080041e0   0x00000014   Code   RO         7049    i.led_green_on      led.o
    0x080041f4   0x080041f4   0x00000014   Code   RO         7051    i.led_red_off       led.o
    0x08004208   0x08004208   0x00000016   Code   RO         6871    i.main              main.o
    0x0800421e   0x0800421e   0x00000002   PAD
    0x08004220   0x08004220   0x00000048   Code   RO         7361    i.power_ctrl_configuration  power_ctrl.o
    0x08004268   0x08004268   0x00000020   Code   RO         7362    i.power_ctrl_off    power_ctrl.o
    0x08004288   0x08004288   0x00000020   Code   RO         7363    i.power_ctrl_on     power_ctrl.o
    0x080042a8   0x080042a8   0x00000098   Code   RO         5777    i.prvAddCurrentTaskToDelayedList  tasks.o
    0x08004340   0x08004340   0x000000b8   Code   RO         5778    i.prvAddNewTaskToReadyList  tasks.o
    0x080043f8   0x080043f8   0x00000064   Code   RO         6146    i.prvCheckForValidListAndQueue  timers.o
    0x0800445c   0x0800445c   0x00000064   Code   RO         5779    i.prvCheckTasksWaitingTermination  tasks.o
    0x080044c0   0x080044c0   0x0000002a   Code   RO         5541    i.prvCopyDataFromQueue  queue.o
    0x080044ea   0x080044ea   0x0000007c   Code   RO         5542    i.prvCopyDataToQueue  queue.o
    0x08004566   0x08004566   0x00000012   Code   RO         5780    i.prvDeleteTCB      tasks.o
    0x08004578   0x08004578   0x00000028   Code   RO         6147    i.prvGetNextExpireTime  timers.o
    0x080045a0   0x080045a0   0x0000007c   Code   RO         6276    i.prvHeapInit       heap_4.o
    0x0800461c   0x0800461c   0x00000028   Code   RO         5781    i.prvIdleTask       tasks.o
    0x08004644   0x08004644   0x0000002e   Code   RO         5544    i.prvInitialiseNewQueue  queue.o
    0x08004672   0x08004672   0x000000b4   Code   RO         5782    i.prvInitialiseNewTask  tasks.o
    0x08004726   0x08004726   0x00000002   PAD
    0x08004728   0x08004728   0x00000068   Code   RO         5783    i.prvInitialiseTaskLists  tasks.o
    0x08004790   0x08004790   0x00000068   Code   RO         6277    i.prvInsertBlockIntoFreeList  heap_4.o
    0x080047f8   0x080047f8   0x00000058   Code   RO         6149    i.prvInsertTimerInActiveList  timers.o
    0x08004850   0x08004850   0x0000001a   Code   RO         5545    i.prvIsQueueEmpty   queue.o
    0x0800486a   0x0800486a   0x0000001e   Code   RO         5546    i.prvIsQueueFull    queue.o
    0x08004888   0x08004888   0x00000090   Code   RO         5547    i.prvNotifyQueueSetContainer  queue.o
    0x08004918   0x08004918   0x00000064   Code   RO         6150    i.prvProcessExpiredTimer  timers.o
    0x0800497c   0x0800497c   0x000000f8   Code   RO         6151    i.prvProcessReceivedCommands  timers.o
    0x08004a74   0x08004a74   0x00000074   Code   RO         6152    i.prvProcessTimerOrBlockTask  timers.o
    0x08004ae8   0x08004ae8   0x00000034   Code   RO         5785    i.prvResetNextTaskUnblockTime  tasks.o
    0x08004b1c   0x08004b1c   0x0000002c   Code   RO         6153    i.prvSampleTimeNow  timers.o
    0x08004b48   0x08004b48   0x000000a0   Code   RO         6154    i.prvSwitchTimerLists  timers.o
    0x08004be8   0x08004be8   0x00000016   Code   RO         5787    i.prvTaskCheckFreeStackSpace  tasks.o
    0x08004bfe   0x08004bfe   0x00000002   PAD
    0x08004c00   0x08004c00   0x00000040   Code   RO         6326    i.prvTaskExitError  port.o
    0x08004c40   0x08004c40   0x0000001a   Code   RO         6155    i.prvTimerTask      timers.o
    0x08004c5a   0x08004c5a   0x00000092   Code   RO         5548    i.prvUnlockQueue    queue.o
    0x08004cec   0x08004cec   0x0000013c   Code   RO         6278    i.pvPortMalloc      heap_4.o
    0x08004e28   0x08004e28   0x00000020   Code   RO         5790    i.pvTaskIncrementMutexHeldCount  tasks.o
    0x08004e48   0x08004e48   0x0000002c   Code   RO         6327    i.pxPortInitialiseStack  port.o
    0x08004e74   0x08004e74   0x00000014   Code   RO         7578    i.remote_control_init  remote_control.o
    0x08004e88   0x08004e88   0x0000002c   Code   RO         7469    i.startTast         start_task.o
    0x08004eb4   0x08004eb4   0x000000e8   Code   RO         7470    i.start_task        start_task.o
    0x08004f9c   0x08004f9c   0x00000028   Code   RO         5504    i.uxListRemove      list.o
    0x08004fc4   0x08004fc4   0x00000028   Code   RO         5793    i.uxTaskGetStackHighWaterMark  tasks.o
    0x08004fec   0x08004fec   0x0000001a   Code   RO         5505    i.vListInitialise   list.o
    0x08005006   0x08005006   0x00000006   Code   RO         5506    i.vListInitialiseItem  list.o
    0x0800500c   0x0800500c   0x00000034   Code   RO         5507    i.vListInsert       list.o
    0x08005040   0x08005040   0x00000018   Code   RO         5508    i.vListInsertEnd    list.o
    0x08005058   0x08005058   0x00000054   Code   RO         6329    i.vPortEnterCritical  port.o
    0x080050ac   0x080050ac   0x0000003c   Code   RO         6330    i.vPortExitCritical  port.o
    0x080050e8   0x080050e8   0x00000094   Code   RO         6279    i.vPortFree         heap_4.o
    0x0800517c   0x0800517c   0x00000002   Code   RO         7409    i.vPortSetupTimerInterrupt  freertos_middleware.o
    0x0800517e   0x0800517e   0x00000002   PAD
    0x08005180   0x08005180   0x00000078   Code   RO         6331    i.vPortValidateInterruptPriority  port.o
    0x080051f8   0x080051f8   0x0000002c   Code   RO         5554    i.vQueueAddToRegistry  queue.o
    0x08005224   0x08005224   0x0000004a   Code   RO         5558    i.vQueueWaitForMessageRestricted  queue.o
    0x0800526e   0x0800526e   0x00000002   PAD
    0x08005270   0x08005270   0x0000005c   Code   RO         5799    i.vTaskDelay        tasks.o
    0x080052cc   0x080052cc   0x000000f4   Code   RO         5801    i.vTaskDelete       tasks.o
    0x080053c0   0x080053c0   0x0000000c   Code   RO         5805    i.vTaskMissedYield  tasks.o
    0x080053cc   0x080053cc   0x00000038   Code   RO         5807    i.vTaskPlaceOnEventList  tasks.o
    0x08005404   0x08005404   0x00000040   Code   RO         5808    i.vTaskPlaceOnEventListRestricted  tasks.o
    0x08005444   0x08005444   0x000000b0   Code   RO         5810    i.vTaskPriorityInherit  tasks.o
    0x080054f4   0x080054f4   0x00000030   Code   RO         5814    i.vTaskSetTimeOutState  tasks.o
    0x08005524   0x08005524   0x00000094   Code   RO         5815    i.vTaskStartScheduler  tasks.o
    0x080055b8   0x080055b8   0x00000010   Code   RO         5817    i.vTaskSuspendAll   tasks.o
    0x080055c8   0x080055c8   0x0000008c   Code   RO         5818    i.vTaskSwitchContext  tasks.o
    0x08005654   0x08005654   0x0000013c   Code   RO         6332    i.xPortStartScheduler  port.o
    0x08005790   0x08005790   0x00000034   Code   RO         6333    i.xPortSysTickHandler  port.o
    0x080057c4   0x080057c4   0x00000058   Code   RO         5563    i.xQueueGenericCreate  queue.o
    0x0800581c   0x0800581c   0x000001c4   Code   RO         5564    i.xQueueGenericReceive  queue.o
    0x080059e0   0x080059e0   0x00000098   Code   RO         5565    i.xQueueGenericReset  queue.o
    0x08005a78   0x08005a78   0x000001c8   Code   RO         5566    i.xQueueGenericSend  queue.o
    0x08005c40   0x08005c40   0x00000108   Code   RO         5567    i.xQueueGenericSendFromISR  queue.o
    0x08005d48   0x08005d48   0x0000008c   Code   RO         5819    i.xTaskCheckForTimeOut  tasks.o
    0x08005dd4   0x08005dd4   0x00000060   Code   RO         5820    i.xTaskCreate       tasks.o
    0x08005e34   0x08005e34   0x00000020   Code   RO         5825    i.xTaskGetSchedulerState  tasks.o
    0x08005e54   0x08005e54   0x0000000c   Code   RO         5826    i.xTaskGetTickCount  tasks.o
    0x08005e60   0x08005e60   0x00000148   Code   RO         5828    i.xTaskIncrementTick  tasks.o
    0x08005fa8   0x08005fa8   0x000000c8   Code   RO         5831    i.xTaskPriorityDisinherit  tasks.o
    0x08006070   0x08006070   0x00000098   Code   RO         5832    i.xTaskRemoveFromEventList  tasks.o
    0x08006108   0x08006108   0x00000104   Code   RO         5834    i.xTaskResumeAll    tasks.o
    0x0800620c   0x0800620c   0x00000054   Code   RO         6159    i.xTimerCreateTimerTask  timers.o
    0x08006260   0x08006260   0x00000084   Code   RO         6160    i.xTimerGenericCommand  timers.o
    0x080062e4   0x080062e4   0x00000030   Data   RO         7647    .constdata          arm_behavior.o
    0x08006314   0x08006314   0x00000018   Data   RO         7715    .constdata          carry_task.o
    0x0800632c   0x0800632c   0x00000014   Data   RO         7931    .constdata          chassis_behaviour.o
    0x08006340   0x08006340   0x00000020   Data   RO         8627    Region$$Table       anon$$obj.o


    Execution Region RW_IRAM1 (Exec base: 0x20000000, Load base: 0x08006360, Size: 0x00020de8, Max: 0x00030000, ABSOLUTE, COMPRESSED[0x00000020])

    Exec Addr    Load Addr    Size         Type   Attr      Idx    E Section Name        Object

    0x20000000   COMPRESSED   0x00000014   Data   RW          187    .data               system_stm32f4xx.o
    0x20000014   COMPRESSED   0x00000010   Data   RW         3212    .data               stm32f4xx_rcc.o
    0x20000024   COMPRESSED   0x0000003c   Data   RW         5837    .data               tasks.o
    0x20000060   COMPRESSED   0x00000014   Data   RW         6166    .data               timers.o
    0x20000074   COMPRESSED   0x00000018   Data   RW         6284    .data               heap_4.o
    0x2000008c   COMPRESSED   0x0000000c   Data   RW         6334    .data               port.o
    0x20000098   COMPRESSED   0x00000008   Data   RW         7143    .data               delay.o
    0x200000a0   COMPRESSED   0x00000008   Data   RW         7410    .data               freertos_middleware.o
    0x200000a8   COMPRESSED   0x00000018   Data   RW         7471    .data               start_task.o
    0x200000c0   COMPRESSED   0x00000004   Data   RW         7544    .data               user_task.o
    0x200000c4   COMPRESSED   0x00000002   Data   RW         7582    .data               remote_control.o
    0x200000c6   COMPRESSED   0x00000002   PAD
    0x200000c8   COMPRESSED   0x00000024   Data   RW         7648    .data               arm_behavior.o
    0x200000ec   COMPRESSED   0x00000005   Data   RW         7684    .data               arm_task.o
    0x200000f1   COMPRESSED   0x00000003   PAD
    0x200000f4   COMPRESSED   0x0000002c   Data   RW         7716    .data               carry_task.o
    0x20000120   COMPRESSED   0x00000001   Data   RW         7762    .data               can_receive.o
    0x20000121   COMPRESSED   0x00000003   PAD
    0x20000124   COMPRESSED   0x00000010   Data   RW         7865    .data               gimbal_task.o
    0x20000134   COMPRESSED   0x00000018   Data   RW         7895    .data               chassis_task.o
    0x2000014c   COMPRESSED   0x00000011   Data   RW         7932    .data               chassis_behaviour.o
    0x2000015d   COMPRESSED   0x00000003   PAD
    0x20000160        -       0x00000040   Zero   RW         5578    .bss                queue.o
    0x200001a0        -       0x000002e4   Zero   RW         5836    .bss                tasks.o
    0x20000484        -       0x00000028   Zero   RW         6165    .bss                timers.o
    0x200004ac        -       0x00020000   Zero   RW         6283    .bss                heap_4.o
    0x200204ac        -       0x0000005e   Zero   RW         7581    .bss                remote_control.o
    0x2002050a   COMPRESSED   0x00000002   PAD
    0x2002050c        -       0x00000120   Zero   RW         7646    .bss                arm_behavior.o
    0x2002062c        -       0x00000090   Zero   RW         7714    .bss                carry_task.o
    0x200206bc        -       0x00000193   Zero   RW         7761    .bss                can_receive.o
    0x2002084f   COMPRESSED   0x00000001   PAD
    0x20020850        -       0x00000150   Zero   RW         7930    .bss                chassis_behaviour.o
    0x200209a0        -       0x00000048   Zero   RW         7964    .bss                keyboard_control.o
    0x200209e8        -       0x00000400   Zero   RW            1    STACK               startup_stm32f427xx.o


==============================================================================

Image component sizes


      Code (inc. data)   RO Data    RW Data    ZI Data      Debug   Object Name

       892        120         48         36        288       2939   arm_behavior.o
       100         16          0          5          0        917   arm_task.o
       548         16          0          0          0       2094   can.o
      2704        130          0          1        403      12853   can_receive.o
      1028         92         24         44        144       2649   carry_task.o
      1600        112         20         17        336       2964   chassis_behaviour.o
        84         14          0         24          0       1083   chassis_task.o
         0          0          0          0          0       7332   croutine.o
       188         22          0          8          0       1596   delay.o
         0          0          0          0          0      12008   event_groups.o
        66          8          0          8          0       8006   freertos_middleware.o
       232         22          0         16          0       1091   gimbal_task.o
       692         62          0         24     131072       4655   heap_4.o
      1172         26          0          0         72       2937   keyboard_control.o
       208         36          0          0          0       3387   led.o
       148          0          0          0          0       3474   list.o
        86          0          0          0          0       3198   main.o
       180         24          0          0          0       2209   misc.o
       592          8          0          0          0       2530   pid.o
       922         86          0         12          0      11530   port.o
       136         18          0          0          0       1920   power_ctrl.o
       360         10          0          0          0       2057   pwm.o
      2088         22          0          0         64      17445   queue.o
       332         20          0          0          0       1350   rc.o
       264         18          0          0          0       2913   relay.o
       466         28          0          2         94       4380   remote_control.o
       276        122          0         24          0       3820   start_task.o
        52         14        428          0       1024        900   startup_stm32f427xx.o
      1566         16          0          0          0       6674   stm32f4xx_can.o
       584         40          0          0          0       7044   stm32f4xx_dma.o
       222          0          0          0          0       3035   stm32f4xx_gpio.o
        20          0          0          0          0     321765   stm32f4xx_it.o
       392         48          0         16          0       6117   stm32f4xx_rcc.o
       884         66          0          0          0      10602   stm32f4xx_tim.o
       680         42          0          0          0       6374   stm32f4xx_usart.o
       392         32          0         20          0     281861   system_stm32f4xx.o
      3140        416          0         60        740      25561   tasks.o
      1138        116          0         20         40      17843   timers.o
       120          4          0          0          0       2324   user_lib.o
        48          4          0          4          0        851   user_task.o

    ----------------------------------------------------------------------
     24644       1830        552        352     134280     814288   Object Totals
         0          0         32          0          0          0   (incl. Generated)
        42          0          0         11          3          0   (incl. Padding)

    ----------------------------------------------------------------------

      Code (inc. data)   RO Data    RW Data    ZI Data      Debug   Library Member Name

        86          0          0          0          0          0   __dczerorl2.o
         0          0          0          0          0          0   entry.o
         0          0          0          0          0          0   entry10a.o
         0          0          0          0          0          0   entry11a.o
         8          4          0          0          0          0   entry2.o
         4          0          0          0          0          0   entry5.o
         0          0          0          0          0          0   entry7b.o
         0          0          0          0          0          0   entry8b.o
         8          4          0          0          0          0   entry9a.o
        30          0          0          0          0          0   handlers.o
        36          8          0          0          0         68   init.o
        36          0          0          0          0         68   memcpya.o
        36          0          0          0          0        108   memseta.o

    ----------------------------------------------------------------------
       244         16          0          0          0        244   Library Totals
         0          0          0          0          0          0   (incl. Padding)

    ----------------------------------------------------------------------

      Code (inc. data)   RO Data    RW Data    ZI Data      Debug   Library Name

       244         16          0          0          0        244   mc_w.l

    ----------------------------------------------------------------------
       244         16          0          0          0        244   Library Totals

    ----------------------------------------------------------------------

==============================================================================


      Code (inc. data)   RO Data    RW Data    ZI Data      Debug   

     24888       1846        552        352     134280     796764   Grand Totals
     24888       1846        552         32     134280     796764   ELF Image Totals (compressed)
     24888       1846        552         32          0          0   ROM Totals

==============================================================================

    Total RO  Size (Code + RO Data)                25440 (  24.84kB)
    Total RW  Size (RW Data + ZI Data)            134632 ( 131.48kB)
    Total ROM Size (Code + RO Data + RW Data)      25472 (  24.88kB)

==============================================================================

